 cppaddon

 Timestamp is 5b2bee72 (Thu Jun 21 20:29:06 2018)

 Preferred load address is 0000000180000000

 Start         Length     Name                   Class
 0001:00000000 0000ed20H .text$mn                CODE
 0001:0000ed20 00000020H .text$mn$00             CODE
 0001:0000ed40 000003d0H .text$x                 CODE
 0002:00000000 00000250H .idata$5                DATA
 0002:00000250 00000010H .00cfg                  DATA
 0002:00000260 00000008H .CRT$XCA                DATA
 0002:00000268 00000008H .CRT$XCU                DATA
 0002:00000270 00000008H .CRT$XCZ                DATA
 0002:00000278 00000008H .CRT$XIA                DATA
 0002:00000280 00000018H .CRT$XIC                DATA
 0002:00000298 00000008H .CRT$XIZ                DATA
 0002:000002a0 00000008H .CRT$XPA                DATA
 0002:000002a8 00000010H .CRT$XPX                DATA
 0002:000002b8 00000008H .CRT$XPXA               DATA
 0002:000002c0 00000008H .CRT$XPZ                DATA
 0002:000002c8 00000008H .CRT$XTA                DATA
 0002:000002d0 00000010H .CRT$XTZ                DATA
 0002:000002d8 00000000H .gfids$y                DATA
 0002:000002e0 00007380H .rdata                  DATA
 0002:00007660 0000048cH .rdata$r                DATA
 0002:00007aec 000003acH .rdata$zzzdbg           DATA
 0002:00007e98 00000008H .rtc$IAA                DATA
 0002:00007ea0 00000008H .rtc$IZZ                DATA
 0002:00007ea8 00000008H .rtc$TAA                DATA
 0002:00007eb0 00000008H .rtc$TZZ                DATA
 0002:00007eb8 00000f58H .xdata                  DATA
 0002:00008e10 000002acH .xdata$x                DATA
 0002:000090bc 00000020H .didat$2                DATA
 0002:000090dc 00000024H .didat$3                DATA
 0002:00009100 00000060H .didat$4                DATA
 0002:00009160 000002d8H .didat$6                DATA
 0002:00009438 00000068H .didat$7                DATA
 0002:000094a0 00000054H .edata                  DATA
 0002:000094f4 00000014H .idata$2                DATA
 0002:00009508 00000018H .idata$3                DATA
 0002:00009520 00000250H .idata$4                DATA
 0002:00009770 0000055eH .idata$6                DATA
 0003:00000000 00000920H .data                   DATA
 0003:00000920 00000170H .data$r                 DATA
 0003:00000a90 00000060H .didat$5                DATA
 0003:00000af0 000011f8H .bss                    DATA
 0004:00000000 000011d0H .pdata                  DATA
 0005:00000000 00000060H .rsrc$01                DATA
 0005:00000060 00000180H .rsrc$02                DATA

  Address         Publics by Value              Rva+Base               Lib:Object

 0000:00000000       __guard_iat_count          0000000000000000     <absolute>
 0000:00000000       __dynamic_value_reloc_table 0000000000000000     <absolute>
 0000:00000000       __hybrid_code_map          0000000000000000     <absolute>
 0000:00000000       __hybrid_code_map_count    0000000000000000     <absolute>
 0000:00000000       __guard_iat_table          0000000000000000     <absolute>
 0000:00000000       __hybrid_auxiliary_iat     0000000000000000     <absolute>
 0000:00000000       __guard_longjmp_table      0000000000000000     <absolute>
 0000:00000000       __guard_longjmp_count      0000000000000000     <absolute>
 0000:00000000       __guard_fids_count         0000000000000000     <absolute>
 0000:00000000       __enclave_config           0000000000000000     <absolute>
 0000:00000000       ___safe_se_handler_table   0000000000000000     <absolute>
 0000:00000000       ___safe_se_handler_count   0000000000000000     <absolute>
 0000:00000000       __guard_fids_table         0000000000000000     <absolute>
 0000:00000100       __guard_flags              0000000000000100     <absolute>
 0000:00000000       __ImageBase                0000000180000000     <linker-defined>
 0001:00000000       ?Method@demo@@YAXAEBV?$FunctionCallbackInfo@VValue@v8@@@v8@@@Z 0000000180001000 f   cppaddon.obj
 0001:000006f0       ?Initialize@demo@@YAXV?$Local@VObject@v8@@@v8@@@Z 00000001800016f0 f   cppaddon.obj
 0001:000007d0       ?assign@?$basic_string@DU?$char_traits@D@std@@V?$allocator@D@2@@std@@QEAAAEAV12@QEBD_K@Z 00000001800017d0 f i cppaddon.obj
 0001:00000920       ?append@?$basic_string@DU?$char_traits@D@std@@V?$allocator@D@2@@std@@QEAAAEAV12@QEBD_K@Z 0000000180001920 f i cppaddon.obj
 0001:00000b20       ?_Xlen@?$basic_string@DU?$char_traits@D@std@@V?$allocator@D@2@@std@@SAXXZ 0000000180001b20 f i cppaddon.obj
 0001:00000b40       ?insert@?$basic_string@DU?$char_traits@D@std@@V?$allocator@D@2@@std@@QEAAAEAV12@_KQEBD0@Z 0000000180001b40 f i cppaddon.obj
 0001:00000ddc       __imp_load_?GetCurrent@Isolate@v8@@SAPEAV12@XZ 0000000180001ddc f   node:node.exe
 0001:00000de8       __tailMerge_node_exe       0000000180001de8     node:node.exe
 0001:00000e61       __imp_load_??1HandleScope@v8@@QEAA@XZ 0000000180001e61 f   node:node.exe
 0001:00000e6d       __imp_load_??0HandleScope@v8@@QEAA@PEAVIsolate@1@@Z 0000000180001e6d f   node:node.exe
 0001:00000e79       __imp_load_?GetFunction@FunctionTemplate@v8@@QEAA?AV?$Local@VFunction@v8@@@2@XZ 0000000180001e79 f   node:node.exe
 0001:00000e85       __imp_load_?New@FunctionTemplate@v8@@SA?AV?$Local@VFunctionTemplate@v8@@@2@PEAVIsolate@2@P6AXAEBV?$FunctionCallbackInfo@VValue@v8@@@2@@ZV?$Local@VValue@v8@@@2@V?$Local@VSignature@v8@@@2@HW4ConstructorBehavior@2@W4SideEffectType@2@@Z 0000000180001e85 f   node:node.exe
 0001:00000e91       __imp_load_??1Utf8Value@String@v8@@QEAA@XZ 0000000180001e91 f   node:node.exe
 0001:00000e9d       __imp_load_??0Utf8Value@String@v8@@QEAA@V?$Local@VValue@v8@@@2@@Z 0000000180001e9d f   node:node.exe
 0001:00000ea9       __imp_load_?NewFromUtf8@String@v8@@SA?AV?$Local@VString@v8@@@2@PEAVIsolate@2@PEBDW4NewStringType@12@H@Z 0000000180001ea9 f   node:node.exe
 0001:00000eb5       __imp_load_?Set@Object@v8@@QEAA_NV?$Local@VValue@v8@@@2@0@Z 0000000180001eb5 f   node:node.exe
 0001:00000ec1       __imp_load_?SetName@Function@v8@@QEAAXV?$Local@VString@v8@@@2@@Z 0000000180001ec1 f   node:node.exe
 0001:00000ecd       __imp_load_node_module_register 0000000180001ecd f   node:node.exe
 0001:00000edc       ??0bad_alloc@std@@QEAA@AEBV01@@Z 0000000180001edc f i libcpmt:xthrow.obj
 0001:00000f1c       ??0bad_alloc@std@@QEAA@XZ  0000000180001f1c f i libcpmt:xthrow.obj
 0001:00000f3c       ??0exception@std@@QEAA@AEBV01@@Z 0000000180001f3c f i libcpmt:xthrow.obj
 0001:00000f74       ??0invalid_argument@std@@QEAA@AEBV01@@Z 0000000180001f74 f i libcpmt:xthrow.obj
 0001:00000fb4       ??0invalid_argument@std@@QEAA@PEBD@Z 0000000180001fb4 f i libcpmt:xthrow.obj
 0001:00001000       ??0length_error@std@@QEAA@AEBV01@@Z 0000000180002000 f i libcpmt:xthrow.obj
 0001:00001040       ??0length_error@std@@QEAA@PEBD@Z 0000000180002040 f i libcpmt:xthrow.obj
 0001:0000108c       ??0logic_error@std@@QEAA@AEBV01@@Z 000000018000208c f i libcpmt:xthrow.obj
 0001:000010cc       ??0out_of_range@std@@QEAA@AEBV01@@Z 00000001800020cc f i libcpmt:xthrow.obj
 0001:0000110c       ??0out_of_range@std@@QEAA@PEBD@Z 000000018000210c f i libcpmt:xthrow.obj
 0001:00001158       ??1bad_array_new_length@std@@UEAA@XZ 0000000180002158 f i LIBCMT:throw_bad_alloc.obj
 0001:00001158       ??1invalid_argument@std@@UEAA@XZ 0000000180002158 f i libcpmt:xthrow.obj
 0001:00001158       ??1bad_alloc@std@@UEAA@XZ  0000000180002158 f i libcpmt:xthrow.obj
 0001:00001158       ??1length_error@std@@UEAA@XZ 0000000180002158 f i libcpmt:xthrow.obj
 0001:00001158       ??1out_of_range@std@@UEAA@XZ 0000000180002158 f i libcpmt:xthrow.obj
 0001:00001158       ??1bad_exception@std@@UEAA@XZ 0000000180002158 f i libvcruntime:frame.obj
 0001:0000116c       ??_Gbad_array_new_length@std@@UEAAPEAXI@Z 000000018000216c f i LIBCMT:throw_bad_alloc.obj
 0001:0000116c       ??_Ebad_array_new_length@std@@UEAAPEAXI@Z 000000018000216c f i LIBCMT:throw_bad_alloc.obj
 0001:0000116c       ??_Ginvalid_argument@std@@UEAAPEAXI@Z 000000018000216c f i libcpmt:xthrow.obj
 0001:0000116c       ??_Elength_error@std@@UEAAPEAXI@Z 000000018000216c f i libcpmt:xthrow.obj
 0001:0000116c       ??_Ebad_alloc@std@@UEAAPEAXI@Z 000000018000216c f i libcpmt:xthrow.obj
 0001:0000116c       ??_Gbad_exception@std@@UEAAPEAXI@Z 000000018000216c f i libvcruntime:frame.obj
 0001:0000116c       ??_Elogic_error@std@@UEAAPEAXI@Z 000000018000216c f i libcpmt:xthrow.obj
 0001:0000116c       ??_Ebad_exception@std@@UEAAPEAXI@Z 000000018000216c f i libvcruntime:frame.obj
 0001:0000116c       ??_Eout_of_range@std@@UEAAPEAXI@Z 000000018000216c f i libcpmt:xthrow.obj
 0001:0000116c       ??_Gout_of_range@std@@UEAAPEAXI@Z 000000018000216c f i libcpmt:xthrow.obj
 0001:0000116c       ??_Einvalid_argument@std@@UEAAPEAXI@Z 000000018000216c f i libcpmt:xthrow.obj
 0001:0000116c       ??_Gbad_alloc@std@@UEAAPEAXI@Z 000000018000216c f i libcpmt:xthrow.obj
 0001:0000116c       ??_Gexception@std@@UEAAPEAXI@Z 000000018000216c f i libcpmt:xthrow.obj
 0001:0000116c       ??_Glength_error@std@@UEAAPEAXI@Z 000000018000216c f i libcpmt:xthrow.obj
 0001:0000116c       ??_Eexception@std@@UEAAPEAXI@Z 000000018000216c f i libcpmt:xthrow.obj
 0001:0000116c       ??_Glogic_error@std@@UEAAPEAXI@Z 000000018000216c f i libcpmt:xthrow.obj
 0001:000011b0       ?_Xinvalid_argument@std@@YAXPEBD@Z 00000001800021b0 f   libcpmt:xthrow.obj
 0001:000011d4       ?_Xlength_error@std@@YAXPEBD@Z 00000001800021d4 f   libcpmt:xthrow.obj
 0001:000011f8       ?_Xout_of_range@std@@YAXPEBD@Z 00000001800021f8 f   libcpmt:xthrow.obj
 0001:0000121c       ?what@exception@std@@UEBAPEBDXZ 000000018000221c f i libcpmt:xthrow.obj
 0001:00001240       __security_check_cookie    0000000180002240 f   LIBCMT:_amdsecgs_.obj
 0001:00001264       ??2@YAPEAX_K@Z             0000000180002264 f   LIBCMT:new_scalar.obj
 0001:000012a0       ??3@YAXPEAX_K@Z            00000001800022a0 f   LIBCMT:delete_scalar_size.obj
 0001:000015c8       _DllMainCRTStartup         00000001800025c8 f   LIBCMT:dll_dllmain.obj
 0001:00001608       ??_Gtype_info@@UEAAPEAXI@Z 0000000180002608 f i LIBCMT:std_type_info_static.obj
 0001:00001608       ??_Etype_info@@UEAAPEAXI@Z 0000000180002608 f i LIBCMT:std_type_info_static.obj
 0001:00001634       __raise_securityfailure    0000000180002634 f   LIBCMT:gs_report.obj
 0001:00001668       __report_gsfailure         0000000180002668 f   LIBCMT:gs_report.obj
 0001:0000173c       __report_rangecheckfailure 000000018000273c f   LIBCMT:gs_report.obj
 0001:00001750       __report_securityfailure   0000000180002750 f   LIBCMT:gs_report.obj
 0001:000018d0       ??0bad_array_new_length@std@@QEAA@AEBV01@@Z 00000001800028d0 f i LIBCMT:throw_bad_alloc.obj
 0001:00001910       ??0bad_array_new_length@std@@QEAA@XZ 0000000180002910 f i LIBCMT:throw_bad_alloc.obj
 0001:00001930       ?__scrt_throw_std_bad_alloc@@YAXXZ 0000000180002930 f   LIBCMT:throw_bad_alloc.obj
 0001:00001950       ?__scrt_throw_std_bad_array_new_length@@YAXXZ 0000000180002950 f   LIBCMT:throw_bad_alloc.obj
 0001:00001970       ??3@YAXPEAX@Z              0000000180002970 f   LIBCMT:delete_scalar.obj
 0001:00001978       __security_init_cookie     0000000180002978 f   LIBCMT:gs_support.obj
 0001:00001a28       DllMain                    0000000180002a28 f   LIBCMT:dll_dllmain_stub.obj
 0001:00001a28       _get_startup_argv_mode     0000000180002a28 f   LIBCMT:argv_mode.obj
 0001:00001a30       ?__scrt_initialize_type_info@@YAXXZ 0000000180002a30 f   LIBCMT:tncleanup.obj
 0001:00001a40       ?__scrt_uninitialize_type_info@@YAXXZ 0000000180002a40 f   LIBCMT:tncleanup.obj
 0001:00001a4c       __local_stdio_printf_options 0000000180002a4c f i LIBCMT:default_local_stdio_options.obj
 0001:00001a54       __local_stdio_scanf_options 0000000180002a54 f i LIBCMT:default_local_stdio_options.obj
 0001:00001a5c       __scrt_initialize_default_local_stdio_options 0000000180002a5c f   LIBCMT:default_local_stdio_options.obj
 0001:00001a78       __scrt_acquire_startup_lock 0000000180002a78 f   LIBCMT:utility.obj
 0001:00001ab4       __scrt_dllmain_after_initialize_c 0000000180002ab4 f   LIBCMT:utility.obj
 0001:00001ae8       __scrt_dllmain_before_initialize_c 0000000180002ae8 f   LIBCMT:utility.obj
 0001:00001b00       __scrt_dllmain_crt_thread_attach 0000000180002b00 f   LIBCMT:utility.obj
 0001:00001b28       __scrt_dllmain_crt_thread_detach 0000000180002b28 f   LIBCMT:utility.obj
 0001:00001b40       __scrt_dllmain_exception_filter 0000000180002b40 f   LIBCMT:utility.obj
 0001:00001ba0       __scrt_dllmain_uninitialize_c 0000000180002ba0 f   LIBCMT:utility.obj
 0001:00001bd0       __scrt_dllmain_uninitialize_critical 0000000180002bd0 f   LIBCMT:utility.obj
 0001:00001be4       __scrt_initialize_crt      0000000180002be4 f   LIBCMT:utility.obj
 0001:00001c30       __scrt_initialize_onexit_tables 0000000180002c30 f   LIBCMT:utility.obj
 0001:00001d0c       __scrt_is_nonwritable_in_current_image 0000000180002d0c f   LIBCMT:utility.obj
 0001:00001da8       __scrt_release_startup_lock 0000000180002da8 f   LIBCMT:utility.obj
 0001:00001dcc       __scrt_uninitialize_crt    0000000180002dcc f   LIBCMT:utility.obj
 0001:00001df8       __scrt_get_dyn_tls_init_callback 0000000180002df8 f   LIBCMT:dyn_tls_init.obj
 0001:00001e00       __crt_debugger_hook        0000000180002e00 f   LIBCMT:utility_desktop.obj
 0001:00001e08       __scrt_fastfail            0000000180002e08 f   LIBCMT:utility_desktop.obj
 0001:00001f54       _RTC_Initialize            0000000180002f54 f   LIBCMT:_initsect_.obj
 0001:00001f90       _RTC_Terminate             0000000180002f90 f   LIBCMT:_initsect_.obj
 0001:00001fcc       _guard_check_icall_nop     0000000180002fcc f i LIBCMT:guard_support.obj
 0001:00001fd0       __isa_available_init       0000000180002fd0 f   LIBCMT:_cpu_disp_.obj
 0001:0000218c       __scrt_is_ucrt_dll_in_use  000000018000318c f   LIBCMT:ucrt_detection.obj
 0001:000021a0       __std_exception_copy       00000001800031a0 f   libvcruntime:std_exception.obj
 0001:00002230       __std_exception_destroy    0000000180003230 f   libvcruntime:std_exception.obj
 0001:00002258       _CxxThrowException         0000000180003258 f   libvcruntime:throw.obj
 0001:00002318       __C_specific_handler       0000000180003318 f   libvcruntime:_riscchandler_.obj
 0001:00002524       __std_type_info_compare    0000000180003524 f   libvcruntime:std_type_info.obj
 0001:0000254c       __std_type_info_destroy_list 000000018000354c f   libvcruntime:std_type_info.obj
 0001:00002578       __vcrt_initialize          0000000180003578 f   libvcruntime:initialization.obj
 0001:000025ac       __vcrt_thread_attach       00000001800035ac f   libvcruntime:initialization.obj
 0001:000025c0       __vcrt_thread_detach       00000001800035c0 f   libvcruntime:initialization.obj
 0001:000025d4       __vcrt_uninitialize        00000001800035d4 f   libvcruntime:initialization.obj
 0001:000025f4       __vcrt_uninitialize_critical 00000001800035f4 f   libvcruntime:initialization.obj
 0001:00002620       memset                     0000000180003620 f   libvcruntime:memset.obj
 0001:000027e0       _local_unwind              00000001800037e0 f   libvcruntime:_jmpuwind_.obj
 0001:00002810       _NLG_Notify                0000000180003810 f   libvcruntime:_jmpuwind_.obj
 0001:00002830       __NLG_Dispatch2            0000000180003830 f   libvcruntime:_jmpuwind_.obj
 0001:00002840       __NLG_Return2              0000000180003840 f   libvcruntime:_jmpuwind_.obj
 0001:00002844       __except_validate_context_record 0000000180003844 f   libvcruntime:jbcxrval.obj
 0001:0000287c       __vcrt_freefls             000000018000387c f   libvcruntime:per_thread_data.obj
 0001:0000289c       __vcrt_freeptd             000000018000389c f   libvcruntime:per_thread_data.obj
 0001:000028ec       __vcrt_getptd              00000001800038ec f   libvcruntime:per_thread_data.obj
 0001:00002908       __vcrt_getptd_noexit       0000000180003908 f   libvcruntime:per_thread_data.obj
 0001:000029c0       __vcrt_initialize_ptd      00000001800039c0 f   libvcruntime:per_thread_data.obj
 0001:00002a10       __vcrt_uninitialize_ptd    0000000180003a10 f   libvcruntime:per_thread_data.obj
 0001:00002a34       __vcrt_initialize_locks    0000000180003a34 f   libvcruntime:locks.obj
 0001:00002a7c       __vcrt_uninitialize_locks  0000000180003a7c f   libvcruntime:locks.obj
 0001:00002c8c       __vcrt_FlsAlloc            0000000180003c8c f   libvcruntime:winapi_downlevel.obj
 0001:00002cd4       __vcrt_FlsFree             0000000180003cd4 f   libvcruntime:winapi_downlevel.obj
 0001:00002d1c       __vcrt_FlsGetValue         0000000180003d1c f   libvcruntime:winapi_downlevel.obj
 0001:00002d64       __vcrt_FlsSetValue         0000000180003d64 f   libvcruntime:winapi_downlevel.obj
 0001:00002db8       __vcrt_InitializeCriticalSectionEx 0000000180003db8 f   libvcruntime:winapi_downlevel.obj
 0001:00002e1c       __vcrt_initialize_winapi_thunks 0000000180003e1c f   libvcruntime:winapi_downlevel.obj
 0001:00002e4c       __vcrt_uninitialize_winapi_thunks 0000000180003e4c f   libvcruntime:winapi_downlevel.obj
 0001:00002e8c       __vcrt_initialize_pure_virtual_call_handler 0000000180003e8c f   libvcruntime:purevirt_data.obj
 0001:00002e9c       ?_ExecutionInCatch@@YAHPEAU_xDISPATCHER_CONTEXT@@PEBU_s_FuncInfo@@@Z 0000000180003e9c f   libvcruntime:risctrnsctrl.obj
 0001:00002f10       ?_GetEstablisherFrame@@YAPEA_KPEA_KPEAU_xDISPATCHER_CONTEXT@@PEBU_s_FuncInfo@@0@Z 0000000180003f10 f   libvcruntime:risctrnsctrl.obj
 0001:00002fdc       ?_GetRangeOfTrysToCheck@@YAPEBU_s_TryBlockMapEntry@@PEA_KPEBU_s_FuncInfo@@HHPEAI2PEAU_xDISPATCHER_CONTEXT@@@Z 0000000180003fdc f   libvcruntime:risctrnsctrl.obj
 0001:00003108       ?__FrameUnwindToEmptyState@@YAXPEA_KPEAU_xDISPATCHER_CONTEXT@@PEBU_s_FuncInfo@@@Z 0000000180004108 f   libvcruntime:risctrnsctrl.obj
 0001:0000319c       _CallSETranslator          000000018000419c f   libvcruntime:risctrnsctrl.obj
 0001:000031f0       _CreateFrameInfo           00000001800041f0 f   libvcruntime:risctrnsctrl.obj
 0001:0000322c       _FindAndUnlinkFrame        000000018000422c f   libvcruntime:risctrnsctrl.obj
 0001:00003280       _GetImageBase              0000000180004280 f   libvcruntime:risctrnsctrl.obj
 0001:00003294       _GetThrowImageBase         0000000180004294 f   libvcruntime:risctrnsctrl.obj
 0001:000032a8       _SetImageBase              00000001800042a8 f   libvcruntime:risctrnsctrl.obj
 0001:000032c0       _SetThrowImageBase         00000001800042c0 f   libvcruntime:risctrnsctrl.obj
 0001:000032d8       _UnwindNestedFrames        00000001800042d8 f   libvcruntime:risctrnsctrl.obj
 0001:000033fc       __CxxFrameHandler3         00000001800043fc f   libvcruntime:risctrnsctrl.obj
 0001:00003490       memcpy                     0000000180004490 f   libvcruntime:memcpy.obj
 0001:00003490       memmove                    0000000180004490 f   libvcruntime:memcpy.obj
 0001:000038d8       ?__GetCurrentState@@YAHPEA_KPEAU_xDISPATCHER_CONTEXT@@PEBU_s_FuncInfo@@@Z 00000001800048d8 f   libvcruntime:riscehstate.obj
 0001:00003900       ?__GetUnwindTryBlock@@YAHPEA_KPEAU_xDISPATCHER_CONTEXT@@PEBU_s_FuncInfo@@@Z 0000000180004900 f   libvcruntime:riscehstate.obj
 0001:0000392c       ?__SetState@@YAXPEA_KPEAU_xDISPATCHER_CONTEXT@@PEBU_s_FuncInfo@@H@Z 000000018000492c f   libvcruntime:riscehstate.obj
 0001:00003938       ?__SetUnwindTryBlock@@YAXPEA_KPEAU_xDISPATCHER_CONTEXT@@PEBU_s_FuncInfo@@H@Z 0000000180004938 f   libvcruntime:riscehstate.obj
 0001:00003974       ?__StateFromControlPc@@YAHPEBU_s_FuncInfo@@PEAU_xDISPATCHER_CONTEXT@@@Z 0000000180004974 f   libvcruntime:riscehstate.obj
 0001:0000397c       ?__StateFromIp@@YAHPEBU_s_FuncInfo@@PEAU_xDISPATCHER_CONTEXT@@_K@Z 000000018000497c f   libvcruntime:riscehstate.obj
 0001:000039e4       ??0bad_exception@std@@QEAA@AEBV01@@Z 00000001800049e4 f i libvcruntime:frame.obj
 0001:00003a24       ??0bad_exception@std@@QEAA@XZ 0000000180004a24 f i libvcruntime:frame.obj
 0001:0000436c       ?_CallMemberFunction1@@YAXQEAX00@Z 000000018000536c f i libvcruntime:frame.obj
 0001:00004378       ?_CallMemberFunction2@@YAXQEAX00H@Z 0000000180005378 f i libvcruntime:frame.obj
 0001:00004388       __BuildCatchObject         0000000180005388 f   libvcruntime:frame.obj
 0001:00004448       __BuildCatchObjectHelper   0000000180005448 f   libvcruntime:frame.obj
 0001:00004648       __CxxCallCatchBlock        0000000180005648 f   libvcruntime:frame.obj
 0001:00004834       __FrameUnwindToState       0000000180005834 f   libvcruntime:frame.obj
 0001:000049c8       __InternalCxxFrameHandler  00000001800059c8 f   libvcruntime:frame.obj
 0001:00004c0c       __TypeMatch                0000000180005c0c f   libvcruntime:frame.obj
 0001:00004d60       _CallSettingFrame          0000000180005d60 f   libvcruntime:handlers.obj
 0001:00004da0       __DestructExceptionObject  0000000180005da0 f   libvcruntime:ehhelpers.obj
 0001:00004e14       ?_CallMemberFunction0@@YAXQEAX0@Z 0000000180005e14 f i libvcruntime:ehhelpers.obj
 0001:00004e18       _IsExceptionObjectToBeDestroyed 0000000180005e18 f   libvcruntime:ehhelpers.obj
 0001:00004e48       __AdjustPointer            0000000180005e48 f   libvcruntime:ehhelpers.obj
 0001:00004e6c       __FrameUnwindFilter        0000000180005e6c f   libvcruntime:ehhelpers.obj
 0001:00004eb8       __acrt_errno_from_os_error 0000000180005eb8 f   libucrt:errno.obj
 0001:00004f00       __acrt_errno_map_os_error  0000000180005f00 f   libucrt:errno.obj
 0001:00004f50       __doserrno                 0000000180005f50 f   libucrt:errno.obj
 0001:00004f70       _errno                     0000000180005f70 f   libucrt:errno.obj
 0001:00004f90       ??$is_overflow_condition@_K@__crt_strtox@@YA_NI_K@Z 0000000180005f90 f i libucrt:strtox.obj
 0001:00004fc0       ??$parse_integer@_KV?$c_string_character_source@D@__crt_strtox@@@__crt_strtox@@YA_KQEAU__crt_locale_pointers@@V?$c_string_character_source@D@0@H_N@Z 0000000180005fc0 f i libucrt:strtox.obj
 0001:000052f4       ??0_LocaleUpdate@@QEAA@QEAU__crt_locale_pointers@@@Z 00000001800062f4 f i libucrt:strtox.obj
 0001:00005390       ??1_LocaleUpdate@@QEAA@XZ  0000000180006390 f i libucrt:strtox.obj
 0001:000053a4       strtoull                   00000001800063a4 f   libucrt:strtox.obj
 0001:000053d0       __acrt_call_reportfault    00000001800063d0 f   libucrt:invalid_parameter.obj
 0001:0000552c       __acrt_initialize_invalid_parameter_handler 000000018000652c f   libucrt:invalid_parameter.obj
 0001:00005534       _invalid_parameter         0000000180006534 f   libucrt:invalid_parameter.obj
 0001:000055e4       _invalid_parameter_noinfo  00000001800065e4 f   libucrt:invalid_parameter.obj
 0001:00005604       _invalid_parameter_noinfo_noreturn 0000000180006604 f   libucrt:invalid_parameter.obj
 0001:00005634       _invoke_watson             0000000180006634 f   libucrt:invalid_parameter.obj
 0001:0000567c       __ascii_stricmp            000000018000667c f   libucrt:stricmp.obj
 0001:000056bc       _stricmp                   00000001800066bc f   libucrt:stricmp.obj
 0001:00005704       _stricmp_l                 0000000180006704 f   libucrt:stricmp.obj
 0001:000057b8       __acrt_initialize_new_handler 00000001800067b8 f   libucrt:new_handler.obj
 0001:000057c0       _callnewh                  00000001800067c0 f   libucrt:new_handler.obj
 0001:000057f0       _query_new_handler         00000001800067f0 f   libucrt:new_handler.obj
 0001:00005824       malloc                     0000000180006824 f   libucrt:malloc.obj
 0001:0000582c       _initterm                  000000018000682c f   libucrt:initterm.obj
 0001:00005890       _initterm_e                0000000180006890 f   libucrt:initterm.obj
 0001:000058d0       free                       00000001800068d0 f   libucrt:free.obj
 0001:000058e4       _seh_filter_dll            00000001800068e4 f   libucrt:exception_filter.obj
 0001:000058f8       _seh_filter_exe            00000001800068f8 f   libucrt:exception_filter.obj
 0001:00005cf0       __acrt_initialize_thread_local_exit_callback 0000000180006cf0 f   libucrt:exit.obj
 0001:00005cf8       _cexit                     0000000180006cf8 f   libucrt:exit.obj
 0001:00005d08       _exit                      0000000180006d08 f   libucrt:exit.obj
 0001:00005d14       _is_c_termination_complete 0000000180006d14 f   libucrt:exit.obj
 0001:00005ee0       __acrt_allocate_buffer_for_argv 0000000180006ee0 f   libucrt:argv_parsing.obj
 0001:00005f40       _configure_narrow_argv     0000000180006f40 f   libucrt:argv_parsing.obj
 0001:000062b8       __dcrt_uninitialize_environments_nolock 00000001800072b8 f   libucrt:environment_initialization.obj
 0001:000062f0       _initialize_narrow_environment 00000001800072f0 f   libucrt:environment_initialization.obj
 0001:00006480       _execute_onexit_table      0000000180007480 f   libucrt:onexit.obj
 0001:000064bc       _initialize_onexit_table   00000001800074bc f   libucrt:onexit.obj
 0001:00006534       __acrt_uninitialize_command_line 0000000180007534 f   libucrt:argv_data.obj
 0001:00006640       __acrt_initialize          0000000180007640 f   libucrt:initialization.obj
 0001:00006654       __acrt_thread_attach       0000000180007654 f   libucrt:initialization.obj
 0001:00006668       __acrt_thread_detach       0000000180007668 f   libucrt:initialization.obj
 0001:00006678       __acrt_uninitialize        0000000180007678 f   libucrt:initialization.obj
 0001:000066b0       __acrt_uninitialize_critical 00000001800076b0 f   libucrt:initialization.obj
 0001:000066c0       terminate                  00000001800076c0 f   libucrt:terminate.obj
 0001:000066e0       strcpy_s                   00000001800076e0 f   libucrt:strcpy_s.obj
 0001:00006760       strncmp                    0000000180007760 f   libucrt:strncmp.obj
 0001:000067e0       abort                      00000001800077e0 f   libucrt:abort.obj
 0001:00006838       calloc                     0000000180007838 f   libucrt:calloc.obj
 0001:00006840       wcsncmp                    0000000180007840 f   libucrt:wcsncmp.obj
 0001:00006be4       __acrt_freeptd             0000000180007be4 f   libucrt:per_thread_data.obj
 0001:00006c28       __acrt_getptd              0000000180007c28 f   libucrt:per_thread_data.obj
 0001:00006cec       __acrt_getptd_head         0000000180007cec f   libucrt:per_thread_data.obj
 0001:00006d94       __acrt_getptd_noexit       0000000180007d94 f   libucrt:per_thread_data.obj
 0001:00006e4c       __acrt_initialize_ptd      0000000180007e4c f   libucrt:per_thread_data.obj
 0001:00006e88       __acrt_uninitialize_ptd    0000000180007e88 f   libucrt:per_thread_data.obj
 0001:00006eac       __pctype_func              0000000180007eac f   libucrt:ctype.obj
 0001:00006edc       _isctype_l                 0000000180007edc f   libucrt:isctype.obj
 0001:00006ff0       __acrt_update_locale_info  0000000180007ff0 f   libucrt:locale_update.obj
 0001:00007024       __acrt_update_multibyte_info 0000000180008024 f   libucrt:locale_update.obj
 0001:000070c8       __acrt_set_locale_changed  00000001800080c8 f   libucrt:wsetlocale.obj
 0001:000070d4       __acrt_uninitialize_locale 00000001800080d4 f   libucrt:wsetlocale.obj
 0001:00007154       _tolower_l                 0000000180008154 f   libucrt:tolower_toupper.obj
 0001:00007294       __acrt_initialize_locks    0000000180008294 f   libucrt:locks.obj
 0001:000072dc       __acrt_lock                00000001800082dc f   libucrt:locks.obj
 0001:000072f8       __acrt_uninitialize_locks  00000001800082f8 f   libucrt:locks.obj
 0001:00007330       __acrt_unlock              0000000180008330 f   libucrt:locks.obj
 0001:0000734c       _malloc_base               000000018000834c f   libucrt:malloc_base.obj
 0001:000073ac       _free_base                 00000001800083ac f   libucrt:free_base.obj
 0001:000073ec       __acrt_get_process_end_policy 00000001800083ec f   libucrt:win_policies.obj
 0001:00007428       _calloc_base               0000000180008428 f   libucrt:calloc_base.obj
 0001:00007a08       __acrt_expand_narrow_argv_wildcards 0000000180008a08 f   libucrt:argv_wildcards.obj
 0001:00007a10       __acrt_GetModuleFileNameA  0000000180008a10 f   libucrt:getmodulefilenamea.obj
 0001:000081b8       __acrt_initialize_multibyte 00000001800091b8 f   libucrt:mbctype.obj
 0001:00008218       __acrt_update_thread_multibyte_data 0000000180009218 f   libucrt:mbctype.obj
 0001:00008234       _setmbcp_nolock            0000000180009234 f   libucrt:mbctype.obj
 0001:00008564       _ismbblead                 0000000180009564 f   libucrt:ismbbyte.obj
 0001:00008578       __acrt_initialize_command_line 0000000180009578 f   libucrt:argv_data.obj
 0001:000085a0       __acrt_MultiByteToWideChar 00000001800095a0 f   libucrt:multibytetowidechar.obj
 0001:000085fc       __acrt_WideCharToMultiByte 00000001800095fc f   libucrt:widechartomultibyte.obj
 0001:00008694       __dcrt_get_narrow_environment_from_os 0000000180009694 f   libucrt:get_environment_from_os.obj
 0001:00008798       _recalloc                  0000000180009798 f   libucrt:recalloc.obj
 0001:000087a0       _recalloc_base             00000001800097a0 f   libucrt:recalloc.obj
 0001:00008a10       __acrt_AppPolicyGetProcessTerminationMethodInternal 0000000180009a10 f   libucrt:winapi_thunks.obj
 0001:00008a60       __acrt_FlsAlloc            0000000180009a60 f   libucrt:winapi_thunks.obj
 0001:00008aa8       __acrt_FlsFree             0000000180009aa8 f   libucrt:winapi_thunks.obj
 0001:00008af0       __acrt_FlsGetValue         0000000180009af0 f   libucrt:winapi_thunks.obj
 0001:00008b38       __acrt_FlsSetValue         0000000180009b38 f   libucrt:winapi_thunks.obj
 0001:00008b8c       __acrt_InitializeCriticalSectionEx 0000000180009b8c f   libucrt:winapi_thunks.obj
 0001:00008bf0       __acrt_LCMapStringEx       0000000180009bf0 f   libucrt:winapi_thunks.obj
 0001:00008ccc       __acrt_LocaleNameToLCID    0000000180009ccc f   libucrt:winapi_thunks.obj
 0001:00008d1c       __acrt_initialize_winapi_thunks 0000000180009d1c f   libucrt:winapi_thunks.obj
 0001:00008d64       __acrt_uninitialize_winapi_thunks 0000000180009d64 f   libucrt:winapi_thunks.obj
 0001:00008da8       __acrt_initialize_heap     0000000180009da8 f   libucrt:heap_handle.obj
 0001:00008dc4       __acrt_uninitialize_heap   0000000180009dc4 f   libucrt:heap_handle.obj
 0001:00008fb8       __acrt_initialize_lowio    0000000180009fb8 f   libucrt:ioinit.obj
 0001:00008ff4       __acrt_uninitialize_lowio  0000000180009ff4 f   libucrt:ioinit.obj
 0001:00009034       __acrt_execute_initializers 000000018000a034 f   libucrt:shared_initialization.obj
 0001:000090b4       __acrt_execute_uninitializers 000000018000a0b4 f   libucrt:shared_initialization.obj
 0001:00009138       __acrt_get_sigabrt_handler 000000018000a138 f   libucrt:signal.obj
 0001:00009168       __acrt_initialize_signal_handlers 000000018000a168 f   libucrt:signal.obj
 0001:00009188       raise                      000000018000a188 f   libucrt:signal.obj
 0001:00009408       __acrt_has_user_matherr    000000018000a408 f   libucrt:matherr.obj
 0001:00009428       __acrt_initialize_user_matherr 000000018000a428 f   libucrt:matherr.obj
 0001:00009430       __acrt_invoke_user_matherr 000000018000a430 f   libucrt:matherr.obj
 0001:0000963c       __acrt_stdio_flush_nolock  000000018000a63c f   libucrt:fflush.obj
 0001:000096b8       _fflush_nolock             000000018000a6b8 f   libucrt:fflush.obj
 0001:00009704       _flushall                  000000018000a704 f   libucrt:fflush.obj
 0001:0000970c       __acrt_initialize_stdio    000000018000a70c f   libucrt:_file.obj
 0001:0000982c       __acrt_uninitialize_stdio  000000018000a82c f   libucrt:_file.obj
 0001:00009888       _lock_file                 000000018000a888 f   libucrt:_file.obj
 0001:00009894       _unlock_file               000000018000a894 f   libucrt:_file.obj
 0001:000098a0       _mbtowc_l                  000000018000a8a0 f   libucrt:mbtowc.obj
 0001:00009a1c       mbtowc                     000000018000aa1c f   libucrt:mbtowc.obj
 0001:00009a24       _fileno                    000000018000aa24 f   libucrt:fileno.obj
 0001:00009a4c       __acrt_add_locale_ref      000000018000aa4c f   libucrt:locale_refcounting.obj
 0001:00009ad8       __acrt_free_locale         000000018000aad8 f   libucrt:locale_refcounting.obj
 0001:00009c50       __acrt_locale_add_lc_time_reference 000000018000ac50 f   libucrt:locale_refcounting.obj
 0001:00009c78       __acrt_locale_free_lc_time_if_unreferenced 000000018000ac78 f   libucrt:locale_refcounting.obj
 0001:00009cb0       __acrt_locale_release_lc_time_reference 000000018000acb0 f   libucrt:locale_refcounting.obj
 0001:00009cd8       __acrt_release_locale_ref  000000018000acd8 f   libucrt:locale_refcounting.obj
 0001:00009d80       __acrt_update_thread_locale_data 000000018000ad80 f   libucrt:locale_refcounting.obj
 0001:00009df0       _updatetlocinfoEx_nolock   000000018000adf0 f   libucrt:locale_refcounting.obj
 0001:00009e58       _isleadbyte_l              000000018000ae58 f i libucrt:_wctype.obj
 0001:00009e98       __acrt_GetStringTypeA      000000018000ae98 f   libucrt:getstringtypea.obj
 0001:0000a028       __acrt_locale_free_monetary 000000018000b028 f   libucrt:initmon.obj
 0001:0000a134       __acrt_locale_free_numeric 000000018000b134 f   libucrt:initnum.obj
 0001:0000a1f4       __acrt_locale_free_time    000000018000b1f4 f   libucrt:inittime.obj
 0001:0000a614       __acrt_LCMapStringA        000000018000b614 f   libucrt:lcmapstringa.obj
 0001:0000a6ac       _query_new_mode            000000018000b6ac f   libucrt:new_mode.obj
 0001:0000a6c0       qsort                      000000018000b6c0 f   libucrt:qsort.obj
 0001:0000aa70       strncpy_s                  000000018000ba70 f   libucrt:strncpy_s.obj
 0001:0000ac00       strpbrk                    000000018000bc00 f   libucrt:strpbrk.obj
 0001:0000afe0       ??$__acrt_convert_wcs_mbs@D_W$$A6A_KPEA_WPEBD_KPEAU__crt_locale_pointers@@@ZU__crt_win32_buffer_internal_dynamic_resizing@@@@YAHQEBDAEAV?$__crt_win32_buffer@_WU__crt_win32_buffer_internal_dynamic_resizing@@@@A6A_KPEA_WPEBD_KPEAU__crt_locale_pointers@@@Z5@Z 000000018000bfe0 f i libucrt:findfirstfileexa.obj
 0001:0000b0e8       __acrt_FindFirstFileExA    000000018000c0e8 f   libucrt:findfirstfileexa.obj
 0001:0000b18c       ??$__acrt_convert_wcs_mbs@_WD$$A6A_KPEADPEB_W_KPEAU__crt_locale_pointers@@@ZU__crt_win32_buffer_no_resizing@@@@YAHQEB_WAEAV?$__crt_win32_buffer@DU__crt_win32_buffer_no_resizing@@@@A6A_KPEADPEB_W_KPEAU__crt_locale_pointers@@@Z5@Z 000000018000c18c f i libucrt:findnextfilea.obj
 0001:0000b258       __acrt_FindNextFileA       000000018000c258 f   libucrt:findnextfilea.obj
 0001:0000b38c       _mbsdec                    000000018000c38c f   libucrt:mbsdec.obj
 0001:0000b394       _mbsdec_l                  000000018000c394 f   libucrt:mbsdec.obj
 0001:0000b62c       _mbstowcs_l                000000018000c62c f   libucrt:mbstowcs.obj
 0001:0000b634       mbstowcs                   000000018000c634 f   libucrt:mbstowcs.obj
 0001:0000b668       _msize                     000000018000c668 f   libucrt:msize.obj
 0001:0000b670       _msize_base                000000018000c670 f   libucrt:msize.obj
 0001:0000b6ac       _realloc_base              000000018000c6ac f   libucrt:realloc_base.obj
 0001:0000b810       __acrt_DownlevelLocaleNameToLCID 000000018000c810 f   libucrt:lcidtoname_downlevel.obj
 0001:0000b844       __acrt_lowio_create_handle_array 000000018000c844 f   libucrt:osfinfo.obj
 0001:0000b8dc       __acrt_lowio_destroy_handle_array 000000018000c8dc f   libucrt:osfinfo.obj
 0001:0000b92c       __acrt_lowio_ensure_fh_exists 000000018000c92c f   libucrt:osfinfo.obj
 0001:0000b9d4       __acrt_lowio_lock_fh       000000018000c9d4 f   libucrt:osfinfo.obj
 0001:0000b9f8       __acrt_lowio_unlock_fh     000000018000c9f8 f   libucrt:osfinfo.obj
 0001:0000ba1c       _free_osfhnd               000000018000ca1c f   libucrt:osfinfo.obj
 0001:0000bad8       _get_osfhandle             000000018000cad8 f   libucrt:osfinfo.obj
 0001:0000bbdc       _commit                    000000018000cbdc f   libucrt:commit.obj
 0001:0000c218       _write                     000000018000d218 f   libucrt:write.obj
 0001:0000c304       _write_nolock              000000018000d304 f   libucrt:write.obj
 0001:0000c5e4       _fcloseall                 000000018000d5e4 f   libucrt:closeall.obj
 0001:0000c698       __acrt_stdio_free_buffer_nolock 000000018000d698 f   libucrt:_freebuf.obj
 0001:0000c6d8       _isatty                    000000018000d6d8 f   libucrt:isatty.obj
 0001:0000c738       ?__mbrtowc_utf8@__crt_mbstring@@YA_KPEA_WPEBD_KPEAU_Mbstatet@@@Z 000000018000d738 f   libucrt:mbrtowc.obj
 0001:0000c774       ?__mbsrtowcs_utf8@__crt_mbstring@@YA_KPEA_WPEAPEBD_KPEAU_Mbstatet@@@Z 000000018000d774 f   libucrt:mbrtowc.obj
 0001:0000c8ec       __strncnt                  000000018000d8ec f   libucrt:strncnt.obj
 0001:0000cc6c       _wcstombs_l                000000018000dc6c f   libucrt:wcstombs.obj
 0001:0000cc74       _query_app_type            000000018000dc74 f   libucrt:report_runtime_error.obj
 0001:0000cd18       _lseeki64_nolock           000000018000dd18 f   libucrt:lseek.obj
 0001:0000cd20       _putwch_nolock             000000018000dd20 f   libucrt:putwch.obj
 0001:0000cd5c       _fclose_nolock             000000018000dd5c f   libucrt:fclose.obj
 0001:0000cde0       fclose                     000000018000dde0 f   libucrt:fclose.obj
 0001:0000ce44       ?__mbrtoc32_utf8@__crt_mbstring@@YA_KPEA_UPEBD_KPEAU_Mbstatet@@@Z 000000018000de44 f   libucrt:mbrtoc32.obj
 0001:0000d020       log10                      000000018000e020 f   libucrt:log10.obj
 0001:0000d5cc       ?__wcsrtombs_utf8@__crt_mbstring@@YA_KPEADPEAPEB_W_KPEAU_Mbstatet@@@Z 000000018000e5cc f   libucrt:wcrtomb.obj
 0001:0000d6e8       __dcrt_lowio_ensure_console_output_initialized 000000018000e6e8 f   libucrt:initcon.obj
 0001:0000d73c       __dcrt_terminate_console_output 000000018000e73c f   libucrt:initcon.obj
 0001:0000d758       __dcrt_write_console       000000018000e758 f   libucrt:initcon.obj
 0001:0000d88c       _close                     000000018000e88c f   libucrt:close.obj
 0001:0000d930       _close_nolock              000000018000e930 f   libucrt:close.obj
 0001:0000d9ec       ?__acrt_stdio_free_stream@@YAXV__crt_stdio_stream@@@Z 000000018000e9ec f   libucrt:stream.obj
 0001:0000db2c       _handle_error              000000018000eb2c f   libucrt:libm_error.obj
 0001:0000dc60       __acrt_initialize_fma3     000000018000ec60 f   libucrt:fma3_available.obj
 0001:0000dcd0       _log10_special             000000018000ecd0 f   libucrt:log_special.obj
 0001:0000dd88       ?__c16rtomb_utf8@__crt_mbstring@@YA_KPEAD_SPEAU_Mbstatet@@@Z 000000018000ed88 f   libucrt:c16rtomb.obj
 0001:0000de40       _get_fpsr                  000000018000ee40 f   libucrt:fpsr.obj
 0001:0000de50       _set_fpsr                  000000018000ee50 f   libucrt:fpsr.obj
 0001:0000de5a       _fclrf                     000000018000ee5a f   libucrt:fpsr.obj
 0001:0000de6e       _frnd                      000000018000ee6e f   libucrt:fpsr.obj
 0001:0000de90       _raise_exc                 000000018000ee90 f   libucrt:fpexcept.obj
 0001:0000deb8       _raise_exc_ex              000000018000eeb8 f   libucrt:fpexcept.obj
 0001:0000e1c8       _set_errno_from_matherr    000000018000f1c8 f   libucrt:fpexcept.obj
 0001:0000e1f8       _clrfp                     000000018000f1f8 f   libucrt:fpctrl.obj
 0001:0000e218       _ctrlfp                    000000018000f218 f   libucrt:fpctrl.obj
 0001:0000e294       _set_statfp                000000018000f294 f   libucrt:fpctrl.obj
 0001:0000e2b4       _statfp                    000000018000f2b4 f   libucrt:fpctrl.obj
 0001:0000e2c8       ?__c32rtomb_utf8@__crt_mbstring@@YA_KPEAD_UPEAU_Mbstatet@@@Z 000000018000f2c8 f   libucrt:c32rtomb.obj
 0001:0000e380       c32rtomb                   000000018000f380 f   libucrt:c32rtomb.obj
 0001:0000e385       IsProcessorFeaturePresent  000000018000f385 f   kernel32:KERNEL32.dll
 0001:0000e38b       RtlUnwindEx                000000018000f38b f   kernel32:KERNEL32.dll
 0001:0000e394       ?DloadAcquireSectionWriteAccess@@YAXXZ 000000018000f394 f i DelayImp:delayhlp.obj
 0001:0000e440       ?DloadGetSRWLockFunctionPointers@@YAEXZ 000000018000f440 f i DelayImp:delayhlp.obj
 0001:0000e4dc       ?DloadMakePermanentImageCommit@@YAXPEAX_K@Z 000000018000f4dc f i DelayImp:delayhlp.obj
 0001:0000e574       ?DloadObtainSection@@YAPEAXPEAK0@Z 000000018000f574 f i DelayImp:delayhlp.obj
 0001:0000e610       ?DloadProtectSection@@YAXKPEAK@Z 000000018000f610 f i DelayImp:delayhlp.obj
 0001:0000e6a0       ?DloadReleaseSectionWriteAccess@@YAXXZ 000000018000f6a0 f i DelayImp:delayhlp.obj
 0001:0000e734       __delayLoadHelper2         000000018000f734 f   DelayImp:delayhlp.obj
 0001:0000ea00       _FindPESection             000000018000fa00 f   LIBCMT:pesect.obj
 0001:0000ea50       _IsNonwritableInCurrentImage 000000018000fa50 f   LIBCMT:pesect.obj
 0001:0000eaa0       _ValidateImageBase         000000018000faa0 f   LIBCMT:pesect.obj
 0001:0000ead0       __GSHandlerCheck           000000018000fad0 f   LIBCMT:_gshandler_.obj
 0001:0000eaf0       __GSHandlerCheckCommon     000000018000faf0 f   LIBCMT:_gshandler_.obj
 0001:0000eb60       _alloca_probe              000000018000fb60 f   LIBCMT:_chkstk_.obj
 0001:0000eb60       __chkstk                   000000018000fb60 f   LIBCMT:_chkstk_.obj
 0001:0000ebb4       __GSHandlerCheck_EH        000000018000fbb4 f   LIBCMT:gshandlereh.obj
 0001:0000ec50       memcmp                     000000018000fc50 f   libvcruntime:memcmp.obj
 0001:0000ed30       _guard_dispatch_icall_nop  000000018000fd30 f   LIBCMT:_guard_dispatch_.obj
 0002:00000000       __imp_GetModuleHandleA     0000000180011000     kernel32:KERNEL32.dll
 0002:00000008       __imp_VirtualQuery         0000000180011008     kernel32:KERNEL32.dll
 0002:00000010       __imp_RtlCaptureContext    0000000180011010     kernel32:KERNEL32.dll
 0002:00000018       __imp_RtlLookupFunctionEntry 0000000180011018     kernel32:KERNEL32.dll
 0002:00000020       __imp_RtlVirtualUnwind     0000000180011020     kernel32:KERNEL32.dll
 0002:00000028       __imp_UnhandledExceptionFilter 0000000180011028     kernel32:KERNEL32.dll
 0002:00000030       __imp_SetUnhandledExceptionFilter 0000000180011030     kernel32:KERNEL32.dll
 0002:00000038       __imp_GetCurrentProcess    0000000180011038     kernel32:KERNEL32.dll
 0002:00000040       __imp_TerminateProcess     0000000180011040     kernel32:KERNEL32.dll
 0002:00000048       __imp_IsProcessorFeaturePresent 0000000180011048     kernel32:KERNEL32.dll
 0002:00000050       __imp_QueryPerformanceCounter 0000000180011050     kernel32:KERNEL32.dll
 0002:00000058       __imp_GetCurrentProcessId  0000000180011058     kernel32:KERNEL32.dll
 0002:00000060       __imp_GetCurrentThreadId   0000000180011060     kernel32:KERNEL32.dll
 0002:00000068       __imp_GetSystemTimeAsFileTime 0000000180011068     kernel32:KERNEL32.dll
 0002:00000070       __imp_InitializeSListHead  0000000180011070     kernel32:KERNEL32.dll
 0002:00000078       __imp_IsDebuggerPresent    0000000180011078     kernel32:KERNEL32.dll
 0002:00000080       __imp_GetStartupInfoW      0000000180011080     kernel32:KERNEL32.dll
 0002:00000088       __imp_GetModuleHandleW     0000000180011088     kernel32:KERNEL32.dll
 0002:00000090       __imp_RtlPcToFileHeader    0000000180011090     kernel32:KERNEL32.dll
 0002:00000098       __imp_RaiseException       0000000180011098     kernel32:KERNEL32.dll
 0002:000000a0       __imp_RtlUnwindEx          00000001800110a0     kernel32:KERNEL32.dll
 0002:000000a8       __imp_InterlockedFlushSList 00000001800110a8     kernel32:KERNEL32.dll
 0002:000000b0       __imp_GetLastError         00000001800110b0     kernel32:KERNEL32.dll
 0002:000000b8       __imp_SetLastError         00000001800110b8     kernel32:KERNEL32.dll
 0002:000000c0       __imp_EnterCriticalSection 00000001800110c0     kernel32:KERNEL32.dll
 0002:000000c8       __imp_LeaveCriticalSection 00000001800110c8     kernel32:KERNEL32.dll
 0002:000000d0       __imp_DeleteCriticalSection 00000001800110d0     kernel32:KERNEL32.dll
 0002:000000d8       __imp_InitializeCriticalSectionAndSpinCount 00000001800110d8     kernel32:KERNEL32.dll
 0002:000000e0       __imp_TlsAlloc             00000001800110e0     kernel32:KERNEL32.dll
 0002:000000e8       __imp_TlsGetValue          00000001800110e8     kernel32:KERNEL32.dll
 0002:000000f0       __imp_TlsSetValue          00000001800110f0     kernel32:KERNEL32.dll
 0002:000000f8       __imp_TlsFree              00000001800110f8     kernel32:KERNEL32.dll
 0002:00000100       __imp_FreeLibrary          0000000180011100     kernel32:KERNEL32.dll
 0002:00000108       __imp_GetProcAddress       0000000180011108     kernel32:KERNEL32.dll
 0002:00000110       __imp_LoadLibraryExW       0000000180011110     kernel32:KERNEL32.dll
 0002:00000118       __imp_EncodePointer        0000000180011118     kernel32:KERNEL32.dll
 0002:00000120       __imp_ExitProcess          0000000180011120     kernel32:KERNEL32.dll
 0002:00000128       __imp_GetModuleHandleExW   0000000180011128     kernel32:KERNEL32.dll
 0002:00000130       __imp_GetModuleFileNameW   0000000180011130     kernel32:KERNEL32.dll
 0002:00000138       __imp_HeapAlloc            0000000180011138     kernel32:KERNEL32.dll
 0002:00000140       __imp_HeapFree             0000000180011140     kernel32:KERNEL32.dll
 0002:00000148       __imp_FindClose            0000000180011148     kernel32:KERNEL32.dll
 0002:00000150       __imp_FindFirstFileExW     0000000180011150     kernel32:KERNEL32.dll
 0002:00000158       __imp_FindNextFileW        0000000180011158     kernel32:KERNEL32.dll
 0002:00000160       __imp_IsValidCodePage      0000000180011160     kernel32:KERNEL32.dll
 0002:00000168       __imp_GetACP               0000000180011168     kernel32:KERNEL32.dll
 0002:00000170       __imp_GetOEMCP             0000000180011170     kernel32:KERNEL32.dll
 0002:00000178       __imp_GetCPInfo            0000000180011178     kernel32:KERNEL32.dll
 0002:00000180       __imp_GetCommandLineA      0000000180011180     kernel32:KERNEL32.dll
 0002:00000188       __imp_GetCommandLineW      0000000180011188     kernel32:KERNEL32.dll
 0002:00000190       __imp_MultiByteToWideChar  0000000180011190     kernel32:KERNEL32.dll
 0002:00000198       __imp_WideCharToMultiByte  0000000180011198     kernel32:KERNEL32.dll
 0002:000001a0       __imp_GetEnvironmentStringsW 00000001800111a0     kernel32:KERNEL32.dll
 0002:000001a8       __imp_FreeEnvironmentStringsW 00000001800111a8     kernel32:KERNEL32.dll
 0002:000001b0       __imp_LCMapStringW         00000001800111b0     kernel32:KERNEL32.dll
 0002:000001b8       __imp_GetProcessHeap       00000001800111b8     kernel32:KERNEL32.dll
 0002:000001c0       __imp_GetStdHandle         00000001800111c0     kernel32:KERNEL32.dll
 0002:000001c8       __imp_GetFileType          00000001800111c8     kernel32:KERNEL32.dll
 0002:000001d0       __imp_GetStringTypeW       00000001800111d0     kernel32:KERNEL32.dll
 0002:000001d8       __imp_HeapSize             00000001800111d8     kernel32:KERNEL32.dll
 0002:000001e0       __imp_HeapReAlloc          00000001800111e0     kernel32:KERNEL32.dll
 0002:000001e8       __imp_SetStdHandle         00000001800111e8     kernel32:KERNEL32.dll
 0002:000001f0       __imp_FlushFileBuffers     00000001800111f0     kernel32:KERNEL32.dll
 0002:000001f8       __imp_WriteFile            00000001800111f8     kernel32:KERNEL32.dll
 0002:00000200       __imp_GetConsoleCP         0000000180011200     kernel32:KERNEL32.dll
 0002:00000208       __imp_GetConsoleMode       0000000180011208     kernel32:KERNEL32.dll
 0002:00000210       __imp_SetFilePointerEx     0000000180011210     kernel32:KERNEL32.dll
 0002:00000218       __imp_CreateFileW          0000000180011218     kernel32:KERNEL32.dll
 0002:00000220       __imp_CloseHandle          0000000180011220     kernel32:KERNEL32.dll
 0002:00000228       __imp_WriteConsoleW        0000000180011228     kernel32:KERNEL32.dll
 0002:00000230       __imp_GetSystemInfo        0000000180011230     kernel32:KERNEL32.dll
 0002:00000238       __imp_VirtualProtect       0000000180011238     kernel32:KERNEL32.dll
 0002:00000240       __imp_LoadLibraryExA       0000000180011240     kernel32:KERNEL32.dll
 0002:00000248       \177KERNEL32_NULL_THUNK_DATA 0000000180011248     kernel32:KERNEL32.dll
 0002:00000250       __guard_check_icall_fptr   0000000180011250     LIBCMT:guard_support.obj
 0002:00000258       __guard_dispatch_icall_fptr 0000000180011258     LIBCMT:guard_support.obj
 0002:00000260       __xc_a                     0000000180011260     LIBCMT:initializers.obj
 0002:00000268       _register_cppaddon_        0000000180011268     cppaddon.obj
 0002:00000270       __xc_z                     0000000180011270     LIBCMT:initializers.obj
 0002:00000278       __xi_a                     0000000180011278     LIBCMT:initializers.obj
 0002:00000280       __acrt_multibyte_initializer 0000000180011280     libucrt:multibyte_initializer.obj
 0002:00000288       __acrt_stdio_initializer   0000000180011288     libucrt:stdio_initializer.obj
 0002:00000290       __acrt_tran_fma3_initializer 0000000180011290     libucrt:fma3_initializer.obj
 0002:00000298       __xi_z                     0000000180011298     LIBCMT:initializers.obj
 0002:000002a0       __xp_a                     00000001800112a0     LIBCMT:initializers.obj
 0002:000002a8       __acrt_locale_terminator   00000001800112a8     libucrt:locale_initializer.obj
 0002:000002b0       __dcrt_console_output_terminator 00000001800112b0     libucrt:console_output_initializer.obj
 0002:000002b8       __acrt_stdio_terminator    00000001800112b8     libucrt:stdio_initializer.obj
 0002:000002c0       __xp_z                     00000001800112c0     LIBCMT:initializers.obj
 0002:000002c8       __xt_a                     00000001800112c8     LIBCMT:initializers.obj
 0002:000002d0       __xt_z                     00000001800112d0     LIBCMT:initializers.obj
 0002:000002e0       __sz_node_exe              00000001800112e0     node:node.exe
 0002:000002f8       ??_7exception@std@@6B@     00000001800112f8     libcpmt:xthrow.obj
 0002:00000308       ??_C@_0BC@EOODALEL@Unknown?5exception?$AA@ 0000000180011308     libcpmt:xthrow.obj
 0002:00000328       ??_7bad_alloc@std@@6B@     0000000180011328     libcpmt:xthrow.obj
 0002:00000338       ??_C@_0P@GHFPNOJB@bad?5allocation?$AA@ 0000000180011338     libcpmt:xthrow.obj
 0002:00000350       ??_7logic_error@std@@6B@   0000000180011350     libcpmt:xthrow.obj
 0002:00000368       ??_7invalid_argument@std@@6B@ 0000000180011368     libcpmt:xthrow.obj
 0002:00000380       ??_7length_error@std@@6B@  0000000180011380     libcpmt:xthrow.obj
 0002:00000398       ??_7out_of_range@std@@6B@  0000000180011398     libcpmt:xthrow.obj
 0002:000003a8       _pRawDllMain               00000001800113a8     LIBCMT:dll_dllmain.obj
 0002:000003a8       _pDefaultRawDllMain        00000001800113a8     LIBCMT:dll_dllmain.obj
 0002:000003b8       ??_7type_info@@6B@         00000001800113b8     LIBCMT:std_type_info_static.obj
 0002:000003d8       ??_7bad_array_new_length@std@@6B@ 00000001800113d8     LIBCMT:throw_bad_alloc.obj
 0002:000003e8       ??_C@_0BF@KINCDENJ@bad?5array?5new?5length?$AA@ 00000001800113e8     LIBCMT:throw_bad_alloc.obj
 0002:00000770       ??_C@_08EHJDFFNH@__based?$CI?$AA@ 0000000180011770     libvcruntime:undname.obj
 0002:00000780       ??_C@_07KOLFKCDI@__cdecl?$AA@ 0000000180011780     libvcruntime:undname.obj
 0002:00000788       ??_C@_08GHMPAG@__pascal?$AA@ 0000000180011788     libvcruntime:undname.obj
 0002:00000798       ??_C@_09IFJBGAPI@__stdcall?$AA@ 0000000180011798     libvcruntime:undname.obj
 0002:000007a8       ??_C@_0L@NPHFGOKO@__thiscall?$AA@ 00000001800117a8     libvcruntime:undname.obj
 0002:000007b8       ??_C@_0L@JMKHOMEK@__fastcall?$AA@ 00000001800117b8     libvcruntime:undname.obj
 0002:000007c8       ??_C@_0N@BCKKPABJ@__vectorcall?$AA@ 00000001800117c8     libvcruntime:undname.obj
 0002:000007d8       ??_C@_09HIJEGCPM@__clrcall?$AA@ 00000001800117d8     libvcruntime:undname.obj
 0002:000007e4       ??_C@_06GHPCKEAG@__eabi?$AA@ 00000001800117e4     libvcruntime:undname.obj
 0002:000007f0       ??_C@_07EECFKIPL@__swift?$AA@ 00000001800117f0     libvcruntime:undname.obj
 0002:000007f8       ??_C@_07JOMMBBKO@__ptr64?$AA@ 00000001800117f8     libvcruntime:undname.obj
 0002:00000800       ??_C@_0L@PILCLIHE@__restrict?$AA@ 0000000180011800     libvcruntime:undname.obj
 0002:00000810       ??_C@_0M@GFIIJFMG@__unaligned?$AA@ 0000000180011810     libvcruntime:undname.obj
 0002:00000820       ??_C@_09DHDLOLLB@restrict?$CI?$AA@ 0000000180011820     libvcruntime:undname.obj
 0002:0000082a       ??_C@_00CNPNBAHC@?$AA@     000000018001182a     libvcruntime:undname.obj
 0002:0000082c       ??_C@_04NIHEBCM@?5new?$AA@ 000000018001182c     libvcruntime:undname.obj
 0002:00000838       ??_C@_07FPCDHGMM@?5delete?$AA@ 0000000180011838     libvcruntime:undname.obj
 0002:00000840       ??_C@_01NEMOKFLO@?$DN?$AA@ 0000000180011840     libvcruntime:undname.obj
 0002:00000844       ??_C@_02GPIOPFAK@?$DO?$DO?$AA@ 0000000180011844     libvcruntime:undname.obj
 0002:00000848       ??_C@_02FODMEDOG@?$DM?$DM?$AA@ 0000000180011848     libvcruntime:undname.obj
 0002:0000084c       ??_C@_01DCLJPIOD@?$CB?$AA@ 000000018001184c     libvcruntime:undname.obj
 0002:00000850       ??_C@_02EGOFBIJA@?$DN?$DN?$AA@ 0000000180011850     libvcruntime:undname.obj
 0002:00000854       ??_C@_02FDNJECIE@?$CB?$DN?$AA@ 0000000180011854     libvcruntime:undname.obj
 0002:00000858       ??_C@_02GPECMEKF@?$FL?$FN?$AA@ 0000000180011858     libvcruntime:undname.obj
 0002:00000860       ??_C@_08LHJFAFGD@operator?$AA@ 0000000180011860     libvcruntime:undname.obj
 0002:0000086c       ??_C@_02HBOOOICD@?9?$DO?$AA@ 000000018001186c     libvcruntime:undname.obj
 0002:00000870       ??_C@_01NBENCBCI@?$CK?$AA@ 0000000180011870     libvcruntime:undname.obj
 0002:00000874       ??_C@_02ECNGHCIF@?$CL?$CL?$AA@ 0000000180011874     libvcruntime:undname.obj
 0002:00000878       ??_C@_02BAABKJLB@?9?9?$AA@ 0000000180011878     libvcruntime:undname.obj
 0002:0000087c       ??_C@_01JOAMLHOP@?9?$AA@   000000018001187c     libvcruntime:undname.obj
 0002:00000880       ??_C@_01MIFGBAGJ@?$CL?$AA@ 0000000180011880     libvcruntime:undname.obj
 0002:00000884       ??_C@_01HNPIGOCE@?$CG?$AA@ 0000000180011884     libvcruntime:undname.obj
 0002:00000888       ??_C@_03MNHNFDLC@?9?$DO?$CK?$AA@ 0000000180011888     libvcruntime:undname.obj
 0002:0000088c       ??_C@_01KMDKNFGN@?1?$AA@   000000018001188c     libvcruntime:undname.obj
 0002:00000890       ??_C@_01FGNFDNOH@?$CF?$AA@ 0000000180011890     libvcruntime:undname.obj
 0002:00000894       ??_C@_01MNNFJEPP@?$DM?$AA@ 0000000180011894     libvcruntime:undname.obj
 0002:00000898       ??_C@_02EHCHHCKH@?$DM?$DN?$AA@ 0000000180011898     libvcruntime:undname.obj
 0002:0000089c       ??_C@_01PPODPGHN@?$DO?$AA@ 000000018001189c     libvcruntime:undname.obj
 0002:000008a0       ??_C@_02EEKDKGMJ@?$DO?$DN?$AA@ 00000001800118a0     libvcruntime:undname.obj
 0002:000008a4       ??_C@_01IHBHIGKO@?0?$AA@   00000001800118a4     libvcruntime:undname.obj
 0002:000008a8       ??_C@_02HCKGKOFO@?$CI?$CJ?$AA@ 00000001800118a8     libvcruntime:undname.obj
 0002:000008ac       ??_C@_01PJKLJHI@?$HO?$AA@  00000001800118ac     libvcruntime:undname.obj
 0002:000008b0       ??_C@_01JKBOJNNK@?$FO?$AA@ 00000001800118b0     libvcruntime:undname.obj
 0002:000008b4       ??_C@_01DNKMNLPK@?$HM?$AA@ 00000001800118b4     libvcruntime:undname.obj
 0002:000008b8       ??_C@_02PPKAJPJL@?$CG?$CG?$AA@ 00000001800118b8     libvcruntime:undname.obj
 0002:000008bc       ??_C@_02NONPIBCD@?$HM?$HM?$AA@ 00000001800118bc     libvcruntime:undname.obj
 0002:000008c0       ??_C@_02FPIMKNGF@?$CK?$DN?$AA@ 00000001800118c0     libvcruntime:undname.obj
 0002:000008c4       ??_C@_02FOEOMHFC@?$CL?$DN?$AA@ 00000001800118c4     libvcruntime:undname.obj
 0002:000008c8       ??_C@_02FKMDLLOA@?9?$DN?$AA@ 00000001800118c8     libvcruntime:undname.obj
 0002:000008cc       ??_C@_02FJEHGPIO@?1?$DN?$AA@ 00000001800118cc     libvcruntime:undname.obj
 0002:000008d0       ??_C@_02FENAOKFI@?$CF?$DN?$AA@ 00000001800118d0     libvcruntime:undname.obj
 0002:000008d4       ??_C@_03IKFCCPFF@?$DO?$DO?$DN?$AA@ 00000001800118d4     libvcruntime:undname.obj
 0002:000008d8       ??_C@_03CDNPDDLA@?$DM?$DM?$DN?$AA@ 00000001800118d8     libvcruntime:undname.obj
 0002:000008dc       ??_C@_02FGJGFEAB@?$CG?$DN?$AA@ 00000001800118dc     libvcruntime:undname.obj
 0002:000008e0       ??_C@_02DHLNPPGH@?$HM?$DN?$AA@ 00000001800118e0     libvcruntime:undname.obj
 0002:000008e4       ??_C@_02MHEGNOJ@?$FO?$DN?$AA@ 00000001800118e4     libvcruntime:undname.obj
 0002:000008e8       ??_C@_09IFPLHPGF@?$GAvftable?8?$AA@ 00000001800118e8     libvcruntime:undname.obj
 0002:000008f8       ??_C@_09BLBHBJP@?$GAvbtable?8?$AA@ 00000001800118f8     libvcruntime:undname.obj
 0002:00000908       ??_C@_07FEEIOKP@?$GAvcall?8?$AA@ 0000000180011908     libvcruntime:undname.obj
 0002:00000910       ??_C@_08LLFFHHDJ@?$GAtypeof?8?$AA@ 0000000180011910     libvcruntime:undname.obj
 0002:00000920       ??_C@_0BF@KDPPACIK@?$GAlocal?5static?5guard?8?$AA@ 0000000180011920     libvcruntime:undname.obj
 0002:00000938       ??_C@_08OBABFOLI@?$GAstring?8?$AA@ 0000000180011938     libvcruntime:undname.obj
 0002:00000948       ??_C@_0BD@JDLKDPAB@?$GAvbase?5destructor?8?$AA@ 0000000180011948     libvcruntime:undname.obj
 0002:00000960       ??_C@_0BN@DEGPLNFK@?$GAvector?5deleting?5destructor?8?$AA@ 0000000180011960     libvcruntime:undname.obj
 0002:00000980       ??_C@_0BO@OBMKPJIG@?$GAdefault?5constructor?5closure?8?$AA@ 0000000180011980     libvcruntime:undname.obj
 0002:000009a0       ??_C@_0BN@IMDCHIKM@?$GAscalar?5deleting?5destructor?8?$AA@ 00000001800119a0     libvcruntime:undname.obj
 0002:000009c0       ??_C@_0BO@PFGOCPJJ@?$GAvector?5constructor?5iterator?8?$AA@ 00000001800119c0     libvcruntime:undname.obj
 0002:000009e0       ??_C@_0BN@LFPFMEDL@?$GAvector?5destructor?5iterator?8?$AA@ 00000001800119e0     libvcruntime:undname.obj
 0002:00000a00       ??_C@_0CE@IKBNEHA@?$GAvector?5vbase?5constructor?5iterat@ 0000000180011a00     libvcruntime:undname.obj
 0002:00000a28       ??_C@_0BL@NILFHHPC@?$GAvirtual?5displacement?5map?8?$AA@ 0000000180011a28     libvcruntime:undname.obj
 0002:00000a48       ??_C@_0CB@JONCMFFK@?$GAeh?5vector?5constructor?5iterator?8@ 0000000180011a48     libvcruntime:undname.obj
 0002:00000a70       ??_C@_0CA@GCEOPDGL@?$GAeh?5vector?5destructor?5iterator?8?$AA@ 0000000180011a70     libvcruntime:undname.obj
 0002:00000a90       ??_C@_0CH@OOJPLCPH@?$GAeh?5vector?5vbase?5constructor?5ite@ 0000000180011a90     libvcruntime:undname.obj
 0002:00000ab8       ??_C@_0BL@LLKPOHJI@?$GAcopy?5constructor?5closure?8?$AA@ 0000000180011ab8     libvcruntime:undname.obj
 0002:00000ad8       ??_C@_0BA@KBCDOMBN@?$GAudt?5returning?8?$AA@ 0000000180011ad8     libvcruntime:undname.obj
 0002:00000ae8       ??_C@_03KLGMFNMG@?$GAEH?$AA@ 0000000180011ae8     libvcruntime:undname.obj
 0002:00000aec       ??_C@_05KHLCHHI@?$GARTTI?$AA@ 0000000180011aec     libvcruntime:undname.obj
 0002:00000af8       ??_C@_0BA@KKLDJDLB@?$GAlocal?5vftable?8?$AA@ 0000000180011af8     libvcruntime:undname.obj
 0002:00000b08       ??_C@_0CE@IIHCMGGL@?$GAlocal?5vftable?5constructor?5closu@ 0000000180011b08     libvcruntime:undname.obj
 0002:00000b2c       ??_C@_06FHBGPFGH@?5new?$FL?$FN?$AA@ 0000000180011b2c     libvcruntime:undname.obj
 0002:00000b38       ??_C@_09LBNFPBCA@?5delete?$FL?$FN?$AA@ 0000000180011b38     libvcruntime:undname.obj
 0002:00000b48       ??_C@_0P@HJKNJFNN@?$GAomni?5callsig?8?$AA@ 0000000180011b48     libvcruntime:undname.obj
 0002:00000b58       ??_C@_0BL@CNOONJFP@?$GAplacement?5delete?5closure?8?$AA@ 0000000180011b58     libvcruntime:undname.obj
 0002:00000b78       ??_C@_0BN@CKNJLHMB@?$GAplacement?5delete?$FL?$FN?5closure?8?$AA@ 0000000180011b78     libvcruntime:undname.obj
 0002:00000b98       ??_C@_0CG@CFDHKGGD@?$GAmanaged?5vector?5constructor?5iter@ 0000000180011b98     libvcruntime:undname.obj
 0002:00000bc0       ??_C@_0CF@IMGKMJNO@?$GAmanaged?5vector?5destructor?5itera@ 0000000180011bc0     libvcruntime:undname.obj
 0002:00000be8       ??_C@_0CG@HLDDJMAG@?$GAeh?5vector?5copy?5constructor?5iter@ 0000000180011be8     libvcruntime:undname.obj
 0002:00000c10       ??_C@_0CM@FCBBDIGB@?$GAeh?5vector?5vbase?5copy?5constructo@ 0000000180011c10     libvcruntime:undname.obj
 0002:00000c40       ??_C@_0BL@CLIPGLGB@?$GAdynamic?5initializer?5for?5?8?$AA@ 0000000180011c40     libvcruntime:undname.obj
 0002:00000c60       ??_C@_0CB@PDBIFEP@?$GAdynamic?5atexit?5destructor?5for?5?8@ 0000000180011c60     libvcruntime:undname.obj
 0002:00000c88       ??_C@_0CD@CGAJBKEJ@?$GAvector?5copy?5constructor?5iterato@ 0000000180011c88     libvcruntime:undname.obj
 0002:00000cb0       ??_C@_0CJ@GJELGAMM@?$GAvector?5vbase?5copy?5constructor?5i@ 0000000180011cb0     libvcruntime:undname.obj
 0002:00000ce0       ??_C@_0CL@FGIJHLCE@?$GAmanaged?5vector?5copy?5constructor@ 0000000180011ce0     libvcruntime:undname.obj
 0002:00000d10       ??_C@_0BM@PMGGMLDN@?$GAlocal?5static?5thread?5guard?8?$AA@ 0000000180011d10     libvcruntime:undname.obj
 0002:00000d30       ??_C@_0N@BDNMDMOL@operator?5?$CC?$CC?5?$AA@ 0000000180011d30     libvcruntime:undname.obj
 0002:00000d40       ??_C@_0BC@GGEBGALA@operator?5co_await?$AA@ 0000000180011d40     libvcruntime:undname.obj
 0002:00000d58       ??_C@_0BC@DAFEJGAK@?5Type?5Descriptor?8?$AA@ 0000000180011d58     libvcruntime:undname.obj
 0002:00000d70       ??_C@_0BM@LDKODKLH@?5Base?5Class?5Descriptor?5at?5?$CI?$AA@ 0000000180011d70     libvcruntime:undname.obj
 0002:00000d90       ??_C@_0BD@LGICGFMM@?5Base?5Class?5Array?8?$AA@ 0000000180011d90     libvcruntime:undname.obj
 0002:00000da8       ??_C@_0BN@MECKDCOJ@?5Class?5Hierarchy?5Descriptor?8?$AA@ 0000000180011da8     libvcruntime:undname.obj
 0002:00000dc8       ??_C@_0BK@CFCOFLF@?5Complete?5Object?5Locator?8?$AA@ 0000000180011dc8     libvcruntime:undname.obj
 0002:00000e00       ??_C@_1DM@KHCHBNEB@?$AAa?$AAp?$AAi?$AA?9?$AAm?$AAs?$AA?9?$AAw?$AAi?$AAn?$AA?9?$AAc?$AAo?$AAr?$AAe?$AA?9?$AAf?$AAi?$AAb?$AAe?$AAr?$AAs?$AA?9?$AAl?$AA1?$AA?9?$AA1?$AA?9?$AA1?$AA?$AA@ 0000000180011e00     libvcruntime:winapi_downlevel.obj
 0002:00000e40       ??_C@_1DK@LPPGFMPP@?$AAa?$AAp?$AAi?$AA?9?$AAm?$AAs?$AA?9?$AAw?$AAi?$AAn?$AA?9?$AAc?$AAo?$AAr?$AAe?$AA?9?$AAs?$AAy?$AAn?$AAc?$AAh?$AA?9?$AAl?$AA1?$AA?9?$AA2?$AA?9?$AA0?$AA?$AA@ 0000000180011e40     libvcruntime:winapi_downlevel.obj
 0002:00000e80       ??_C@_1BC@GDMECMAK@?$AAk?$AAe?$AAr?$AAn?$AAe?$AAl?$AA3?$AA2?$AA?$AA@ 0000000180011e80     libvcruntime:winapi_downlevel.obj
 0002:00000e98       ??_C@_1BA@PFFKHIOG@?$AAa?$AAp?$AAi?$AA?9?$AAm?$AAs?$AA?9?$AA?$AA@ 0000000180011e98     libvcruntime:winapi_downlevel.obj
 0002:00000ea8       ??_C@_1BA@IAIFMGEF@?$AAe?$AAx?$AAt?$AA?9?$AAm?$AAs?$AA?9?$AA?$AA@ 0000000180011ea8     libvcruntime:winapi_downlevel.obj
 0002:00000ec0       ??_C@_08KNHFBNJ@FlsAlloc?$AA@ 0000000180011ec0     libvcruntime:winapi_downlevel.obj
 0002:00000ed8       ??_C@_07PEJMOBNF@FlsFree?$AA@ 0000000180011ed8     libvcruntime:winapi_downlevel.obj
 0002:00000ee8       ??_C@_0M@GDNOONDI@FlsGetValue?$AA@ 0000000180011ee8     libvcruntime:winapi_downlevel.obj
 0002:00000f00       ??_C@_0M@JCPCPOEF@FlsSetValue?$AA@ 0000000180011f00     libvcruntime:winapi_downlevel.obj
 0002:00000f18       ??_C@_0BM@HCFOFFN@InitializeCriticalSectionEx?$AA@ 0000000180011f18     libvcruntime:winapi_downlevel.obj
 0002:00000fe0       ??_7bad_exception@std@@6B@ 0000000180011fe0     libvcruntime:frame.obj
 0002:00000ff0       ??_C@_0O@DPKOEFFH@bad?5exception?$AA@ 0000000180011ff0     libvcruntime:frame.obj
 0002:00001000       _pDestructExceptionObject  0000000180012000     libvcruntime:ehhelpers.obj
 0002:00001170       __acrt_exception_action_table 0000000180012170     libucrt:exception_filter.obj
 0002:00001230       __acrt_signal_action_table_count 0000000180012230     libucrt:exception_filter.obj
 0002:00001238       __acrt_signal_action_first_fpe_index 0000000180012238     libucrt:exception_filter.obj
 0002:00001240       __acrt_signal_action_fpe_count 0000000180012240     libucrt:exception_filter.obj
 0002:00001248       ??_C@_1BI@BGOHAHKC@?$AAm?$AAs?$AAc?$AAo?$AAr?$AAe?$AAe?$AA?4?$AAd?$AAl?$AAl?$AA?$AA@ 0000000180012248     libucrt:exit.obj
 0002:00001260       ??_C@_0P@MIGLKIOC@CorExitProcess?$AA@ 0000000180012260     libucrt:exit.obj
 0002:00001370       __newctype                 0000000180012370     libucrt:ctype.obj
 0002:00001670       __newclmap                 0000000180012670     libucrt:ctype.obj
 0002:000017f0       __newcumap                 00000001800127f0     libucrt:ctype.obj
 0002:00001970       __lc_time_c                0000000180012970     libucrt:nlsdata.obj
 0002:00001c30       ??_C@_03KOEHGMDN@Sun?$AA@  0000000180012c30     libucrt:nlsdata.obj
 0002:00001c34       ??_C@_03PDAGKDH@Mon?$AA@   0000000180012c34     libucrt:nlsdata.obj
 0002:00001c38       ??_C@_03NAGEINEP@Tue?$AA@  0000000180012c38     libucrt:nlsdata.obj
 0002:00001c3c       ??_C@_03MHOMLAJA@Wed?$AA@  0000000180012c3c     libucrt:nlsdata.obj
 0002:00001c40       ??_C@_03IOFIKPDN@Thu?$AA@  0000000180012c40     libucrt:nlsdata.obj
 0002:00001c44       ??_C@_03IDIOELNC@Fri?$AA@  0000000180012c44     libucrt:nlsdata.obj
 0002:00001c48       ??_C@_03FEFJNEK@Sat?$AA@   0000000180012c48     libucrt:nlsdata.obj
 0002:00001c4c       ??_C@_06OOPIFAJ@Sunday?$AA@ 0000000180012c4c     libucrt:nlsdata.obj
 0002:00001c54       ??_C@_06JLEDEDGH@Monday?$AA@ 0000000180012c54     libucrt:nlsdata.obj
 0002:00001c60       ??_C@_07BAAGCFCM@Tuesday?$AA@ 0000000180012c60     libucrt:nlsdata.obj
 0002:00001c68       ??_C@_09DLIGFAKA@Wednesday?$AA@ 0000000180012c68     libucrt:nlsdata.obj
 0002:00001c78       ??_C@_08HACCIKIA@Thursday?$AA@ 0000000180012c78     libucrt:nlsdata.obj
 0002:00001c84       ??_C@_06JECMNKMI@Friday?$AA@ 0000000180012c84     libucrt:nlsdata.obj
 0002:00001c90       ??_C@_08INBOOONO@Saturday?$AA@ 0000000180012c90     libucrt:nlsdata.obj
 0002:00001c9c       ??_C@_03JIHJHPIE@Jan?$AA@  0000000180012c9c     libucrt:nlsdata.obj
 0002:00001ca0       ??_C@_03HJBDCHOM@Feb?$AA@  0000000180012ca0     libucrt:nlsdata.obj
 0002:00001ca4       ??_C@_03ODNJBKGA@Mar?$AA@  0000000180012ca4     libucrt:nlsdata.obj
 0002:00001ca8       ??_C@_03LEOLGMJP@Apr?$AA@  0000000180012ca8     libucrt:nlsdata.obj
 0002:00001cac       ??_C@_03CNMDKL@May?$AA@    0000000180012cac     libucrt:nlsdata.obj
 0002:00001cb0       ??_C@_03IDFGHECI@Jun?$AA@  0000000180012cb0     libucrt:nlsdata.obj
 0002:00001cb4       ??_C@_03LBGABGKK@Jul?$AA@  0000000180012cb4     libucrt:nlsdata.obj
 0002:00001cb8       ??_C@_03IFJFEIGA@Aug?$AA@  0000000180012cb8     libucrt:nlsdata.obj
 0002:00001cbc       ??_C@_03GGCAPAJC@Sep?$AA@  0000000180012cbc     libucrt:nlsdata.obj
 0002:00001cc0       ??_C@_03BMAOKBAD@Oct?$AA@  0000000180012cc0     libucrt:nlsdata.obj
 0002:00001cc4       ??_C@_03JPJOFNIA@Nov?$AA@  0000000180012cc4     libucrt:nlsdata.obj
 0002:00001cc8       ??_C@_03MKABNOCG@Dec?$AA@  0000000180012cc8     libucrt:nlsdata.obj
 0002:00001cd0       ??_C@_07CGJPFGJA@January?$AA@ 0000000180012cd0     libucrt:nlsdata.obj
 0002:00001cd8       ??_C@_08GNJGEPFN@February?$AA@ 0000000180012cd8     libucrt:nlsdata.obj
 0002:00001ce4       ??_C@_05HPCKOFNC@March?$AA@ 0000000180012ce4     libucrt:nlsdata.obj
 0002:00001cec       ??_C@_05DMJDNLEJ@April?$AA@ 0000000180012cec     libucrt:nlsdata.obj
 0002:00001cf4       ??_C@_04CNLMGBGM@June?$AA@ 0000000180012cf4     libucrt:nlsdata.obj
 0002:00001cfc       ??_C@_04MIEPOIFP@July?$AA@ 0000000180012cfc     libucrt:nlsdata.obj
 0002:00001d04       ??_C@_06LBBHFDDG@August?$AA@ 0000000180012d04     libucrt:nlsdata.obj
 0002:00001d10       ??_C@_09BHHEALKD@September?$AA@ 0000000180012d10     libucrt:nlsdata.obj
 0002:00001d20       ??_C@_07JJNFCEND@October?$AA@ 0000000180012d20     libucrt:nlsdata.obj
 0002:00001d28       ??_C@_08HCHEGEOA@November?$AA@ 0000000180012d28     libucrt:nlsdata.obj
 0002:00001d38       ??_C@_08EDHMEBNP@December?$AA@ 0000000180012d38     libucrt:nlsdata.obj
 0002:00001d44       ??_C@_02DEDBPAFC@AM?$AA@   0000000180012d44     libucrt:nlsdata.obj
 0002:00001d48       ??_C@_02CJNFDJBF@PM?$AA@   0000000180012d48     libucrt:nlsdata.obj
 0002:00001d50       ??_C@_08BPBNCDIB@MM?1dd?1yy?$AA@ 0000000180012d50     libucrt:nlsdata.obj
 0002:00001d60       ??_C@_0BE@CKGJFCPC@dddd?0?5MMMM?5dd?0?5yyyy?$AA@ 0000000180012d60     libucrt:nlsdata.obj
 0002:00001d78       ??_C@_08JCCMCCIL@HH?3mm?3ss?$AA@ 0000000180012d78     libucrt:nlsdata.obj
 0002:00001d88       ??_C@_17MBGCMIPB@?$AAS?$AAu?$AAn?$AA?$AA@ 0000000180012d88     libucrt:nlsdata.obj
 0002:00001d90       ??_C@_17KBOMKBF@?$AAM?$AAo?$AAn?$AA?$AA@ 0000000180012d90     libucrt:nlsdata.obj
 0002:00001d98       ??_C@_17BMKGEGOJ@?$AAT?$AAu?$AAe?$AA?$AA@ 0000000180012d98     libucrt:nlsdata.obj
 0002:00001da0       ??_C@_17CJEDCEPE@?$AAW?$AAe?$AAd?$AA?$AA@ 0000000180012da0     libucrt:nlsdata.obj
 0002:00001da8       ??_C@_17PDPHAADD@?$AAT?$AAh?$AAu?$AA?$AA@ 0000000180012da8     libucrt:nlsdata.obj
 0002:00001db0       ??_C@_17HFOLPPLP@?$AAF?$AAr?$AAi?$AA?$AA@ 0000000180012db0     libucrt:nlsdata.obj
 0002:00001db8       ??_C@_17GGIBDPIH@?$AAS?$AAa?$AAt?$AA?$AA@ 0000000180012db8     libucrt:nlsdata.obj
 0002:00001dc0       ??_C@_1O@IHNHDHPB@?$AAS?$AAu?$AAn?$AAd?$AAa?$AAy?$AA?$AA@ 0000000180012dc0     libucrt:nlsdata.obj
 0002:00001dd0       ??_C@_1O@MMNBFLIA@?$AAM?$AAo?$AAn?$AAd?$AAa?$AAy?$AA?$AA@ 0000000180012dd0     libucrt:nlsdata.obj
 0002:00001de0       ??_C@_1BA@ENFBFFEK@?$AAT?$AAu?$AAe?$AAs?$AAd?$AAa?$AAy?$AA?$AA@ 0000000180012de0     libucrt:nlsdata.obj
 0002:00001df0       ??_C@_1BE@EBOGMDOH@?$AAW?$AAe?$AAd?$AAn?$AAe?$AAs?$AAd?$AAa?$AAy?$AA?$AA@ 0000000180012df0     libucrt:nlsdata.obj
 0002:00001e08       ??_C@_1BC@HHMNLIHE@?$AAT?$AAh?$AAu?$AAr?$AAs?$AAd?$AAa?$AAy?$AA?$AA@ 0000000180012e08     libucrt:nlsdata.obj
 0002:00001e20       ??_C@_1O@PDICJHAG@?$AAF?$AAr?$AAi?$AAd?$AAa?$AAy?$AA?$AA@ 0000000180012e20     libucrt:nlsdata.obj
 0002:00001e30       ??_C@_1BC@ENMNNPAJ@?$AAS?$AAa?$AAt?$AAu?$AAr?$AAd?$AAa?$AAy?$AA?$AA@ 0000000180012e30     libucrt:nlsdata.obj
 0002:00001e48       ??_C@_17DKNBKCHM@?$AAJ?$AAa?$AAn?$AA?$AA@ 0000000180012e48     libucrt:nlsdata.obj
 0002:00001e50       ??_C@_17LMDJEKJN@?$AAF?$AAe?$AAb?$AA?$AA@ 0000000180012e50     libucrt:nlsdata.obj
 0002:00001e58       ??_C@_17CKNLEDEC@?$AAM?$AAa?$AAr?$AA?$AA@ 0000000180012e58     libucrt:nlsdata.obj
 0002:00001e60       ??_C@_17LFPOIHDD@?$AAA?$AAp?$AAr?$AA?$AA@ 0000000180012e60     libucrt:nlsdata.obj
 0002:00001e68       ??_C@_17PNNKMEED@?$AAM?$AAa?$AAy?$AA?$AA@ 0000000180012e68     libucrt:nlsdata.obj
 0002:00001e70       ??_C@_17KCJGOCPB@?$AAJ?$AAu?$AAn?$AA?$AA@ 0000000180012e70     libucrt:nlsdata.obj
 0002:00001e78       ??_C@_17IJPCKHK@?$AAJ?$AAu?$AAl?$AA?$AA@ 0000000180012e78     libucrt:nlsdata.obj
 0002:00001e80       ??_C@_17ICPELBCN@?$AAA?$AAu?$AAg?$AA?$AA@ 0000000180012e80     libucrt:nlsdata.obj
 0002:00001e88       ??_C@_17HCHCOKMG@?$AAS?$AAe?$AAp?$AA?$AA@ 0000000180012e88     libucrt:nlsdata.obj
 0002:00001e90       ??_C@_17FNLKOI@?$AAO?$AAc?$AAt?$AA?$AA@ 0000000180012e90     libucrt:nlsdata.obj
 0002:00001e98       ??_C@_17BBDMLCIG@?$AAN?$AAo?$AAv?$AA?$AA@ 0000000180012e98     libucrt:nlsdata.obj
 0002:00001ea0       ??_C@_17EGKACKIF@?$AAD?$AAe?$AAc?$AA?$AA@ 0000000180012ea0     libucrt:nlsdata.obj
 0002:00001ea8       ??_C@_1BA@EFMEIEBA@?$AAJ?$AAa?$AAn?$AAu?$AAa?$AAr?$AAy?$AA?$AA@ 0000000180012ea8     libucrt:nlsdata.obj
 0002:00001eb8       ??_C@_1BC@JGDDFFAM@?$AAF?$AAe?$AAb?$AAr?$AAu?$AAa?$AAr?$AAy?$AA?$AA@ 0000000180012eb8     libucrt:nlsdata.obj
 0002:00001ed0       ??_C@_1M@IKEENEDF@?$AAM?$AAa?$AAr?$AAc?$AAh?$AA?$AA@ 0000000180012ed0     libucrt:nlsdata.obj
 0002:00001ee0       ??_C@_1M@GJNLMHFD@?$AAA?$AAp?$AAr?$AAi?$AAl?$AA?$AA@ 0000000180012ee0     libucrt:nlsdata.obj
 0002:00001ef0       ??_C@_19EPFLPGAP@?$AAJ?$AAu?$AAn?$AAe?$AA?$AA@ 0000000180012ef0     libucrt:nlsdata.obj
 0002:00001f00       ??_C@_19BIFMLPCD@?$AAJ?$AAu?$AAl?$AAy?$AA?$AA@ 0000000180012f00     libucrt:nlsdata.obj
 0002:00001f10       ??_C@_1O@PAHLKOAC@?$AAA?$AAu?$AAg?$AAu?$AAs?$AAt?$AA?$AA@ 0000000180012f10     libucrt:nlsdata.obj
 0002:00001f20       ??_C@_1BE@DKAAMBJL@?$AAS?$AAe?$AAp?$AAt?$AAe?$AAm?$AAb?$AAe?$AAr?$AA?$AA@ 0000000180012f20     libucrt:nlsdata.obj
 0002:00001f38       ??_C@_1BA@EPANDLNG@?$AAO?$AAc?$AAt?$AAo?$AAb?$AAe?$AAr?$AA?$AA@ 0000000180012f38     libucrt:nlsdata.obj
 0002:00001f48       ??_C@_1BC@BGLIFPF@?$AAN?$AAo?$AAv?$AAe?$AAm?$AAb?$AAe?$AAr?$AA?$AA@ 0000000180012f48     libucrt:nlsdata.obj
 0002:00001f60       ??_C@_1BC@FEMKIFH@?$AAD?$AAe?$AAc?$AAe?$AAm?$AAb?$AAe?$AAr?$AA?$AA@ 0000000180012f60     libucrt:nlsdata.obj
 0002:00001f74       ??_C@_15ODEHAHHF@?$AAA?$AAM?$AA?$AA@ 0000000180012f74     libucrt:nlsdata.obj
 0002:00001f7c       ??_C@_15CLMNNGEL@?$AAP?$AAM?$AA?$AA@ 0000000180012f7c     libucrt:nlsdata.obj
 0002:00001f88       ??_C@_1BC@IEBCMHCM@?$AAM?$AAM?$AA?1?$AAd?$AAd?$AA?1?$AAy?$AAy?$AA?$AA@ 0000000180012f88     libucrt:nlsdata.obj
 0002:00001fa0       ??_C@_1CI@KNAKOEBC@?$AAd?$AAd?$AAd?$AAd?$AA?0?$AA?5?$AAM?$AAM?$AAM?$AAM?$AA?5?$AAd?$AAd?$AA?0?$AA?5?$AAy?$AAy?$AAy?$AAy?$AA?$AA@ 0000000180012fa0     libucrt:nlsdata.obj
 0002:00001fc8       ??_C@_1BC@GDGBMEMK@?$AAH?$AAH?$AA?3?$AAm?$AAm?$AA?3?$AAs?$AAs?$AA?$AA@ 0000000180012fc8     libucrt:nlsdata.obj
 0002:00001fe0       ??_C@_1M@BMHNFIME@?$AAe?$AAn?$AA?9?$AAU?$AAS?$AA?$AA@ 0000000180012fe0     libucrt:nlsdata.obj
 0002:00002010       ??_C@_1M@HPNHIDJI@?$AAj?$AAa?$AA?9?$AAJ?$AAP?$AA?$AA@ 0000000180013010     libucrt:mbctype.obj
 0002:00002020       ??_C@_1M@BIBDDEMK@?$AAz?$AAh?$AA?9?$AAC?$AAN?$AA?$AA@ 0000000180013020     libucrt:mbctype.obj
 0002:00002030       ??_C@_1M@JLOOOEGK@?$AAk?$AAo?$AA?9?$AAK?$AAR?$AA?$AA@ 0000000180013030     libucrt:mbctype.obj
 0002:00002040       ??_C@_1M@CLNBBOPM@?$AAz?$AAh?$AA?9?$AAT?$AAW?$AA?$AA@ 0000000180013040     libucrt:mbctype.obj
 0002:000020f0       ??_C@_1EA@JGEFHKEI@?$AAa?$AAp?$AAi?$AA?9?$AAm?$AAs?$AA?9?$AAw?$AAi?$AAn?$AA?9?$AAc?$AAo?$AAr?$AAe?$AA?9?$AAd?$AAa?$AAt?$AAe?$AAt?$AAi?$AAm?$AAe?$AA?9?$AAl?$AA1?$AA?9?$AA1?$AA?9?$AA1?$AA?$AA@ 00000001800130f0     libucrt:winapi_thunks.obj
 0002:00002130       ??_C@_1DI@IJCEHOCB@?$AAa?$AAp?$AAi?$AA?9?$AAm?$AAs?$AA?9?$AAw?$AAi?$AAn?$AA?9?$AAc?$AAo?$AAr?$AAe?$AA?9?$AAf?$AAi?$AAl?$AAe?$AA?9?$AAl?$AA1?$AA?9?$AA2?$AA?9?$AA2?$AA?$AA@ 0000000180013130     libucrt:winapi_thunks.obj
 0002:00002170       ??_C@_1EI@MPIAOHOC@?$AAa?$AAp?$AAi?$AA?9?$AAm?$AAs?$AA?9?$AAw?$AAi?$AAn?$AA?9?$AAc?$AAo?$AAr?$AAe?$AA?9?$AAl?$AAo?$AAc?$AAa?$AAl?$AAi?$AAz?$AAa?$AAt?$AAi?$AAo?$AAn?$AA?9?$AAl?$AA1?$AA?9@ 0000000180013170     libucrt:winapi_thunks.obj
 0002:000021c0       ??_C@_1FK@FPHCKFIE@?$AAa?$AAp?$AAi?$AA?9?$AAm?$AAs?$AA?9?$AAw?$AAi?$AAn?$AA?9?$AAc?$AAo?$AAr?$AAe?$AA?9?$AAl?$AAo?$AAc?$AAa?$AAl?$AAi?$AAz?$AAa?$AAt?$AAi?$AAo?$AAn?$AA?9?$AAo?$AAb?$AAs@ 00000001800131c0     libucrt:winapi_thunks.obj
 0002:00002220       ??_C@_1EM@DILCGIIO@?$AAa?$AAp?$AAi?$AA?9?$AAm?$AAs?$AA?9?$AAw?$AAi?$AAn?$AA?9?$AAc?$AAo?$AAr?$AAe?$AA?9?$AAp?$AAr?$AAo?$AAc?$AAe?$AAs?$AAs?$AAt?$AAh?$AAr?$AAe?$AAa?$AAd?$AAs?$AA?9?$AAl@ 0000000180013220     libucrt:winapi_thunks.obj
 0002:00002270       ??_C@_1DM@LNCGDDPN@?$AAa?$AAp?$AAi?$AA?9?$AAm?$AAs?$AA?9?$AAw?$AAi?$AAn?$AA?9?$AAc?$AAo?$AAr?$AAe?$AA?9?$AAs?$AAt?$AAr?$AAi?$AAn?$AAg?$AA?9?$AAl?$AA1?$AA?9?$AA1?$AA?9?$AA0?$AA?$AA@ 0000000180013270     libucrt:winapi_thunks.obj
 0002:000022b0       ??_C@_1DO@FPAPJEMD@?$AAa?$AAp?$AAi?$AA?9?$AAm?$AAs?$AA?9?$AAw?$AAi?$AAn?$AA?9?$AAc?$AAo?$AAr?$AAe?$AA?9?$AAs?$AAy?$AAs?$AAi?$AAn?$AAf?$AAo?$AA?9?$AAl?$AA1?$AA?9?$AA2?$AA?9?$AA1?$AA?$AA@ 00000001800132b0     libucrt:winapi_thunks.obj
 0002:000022f0       ??_C@_1DK@NDHNAHIO@?$AAa?$AAp?$AAi?$AA?9?$AAm?$AAs?$AA?9?$AAw?$AAi?$AAn?$AA?9?$AAc?$AAo?$AAr?$AAe?$AA?9?$AAw?$AAi?$AAn?$AAr?$AAt?$AA?9?$AAl?$AA1?$AA?9?$AA1?$AA?9?$AA0?$AA?$AA@ 00000001800132f0     libucrt:winapi_thunks.obj
 0002:00002330       ??_C@_1DM@KGHDGBCM@?$AAa?$AAp?$AAi?$AA?9?$AAm?$AAs?$AA?9?$AAw?$AAi?$AAn?$AA?9?$AAc?$AAo?$AAr?$AAe?$AA?9?$AAx?$AAs?$AAt?$AAa?$AAt?$AAe?$AA?9?$AAl?$AA2?$AA?9?$AA1?$AA?9?$AA0?$AA?$AA@ 0000000180013330     libucrt:winapi_thunks.obj
 0002:00002370       ??_C@_1EO@IJIOEFOH@?$AAa?$AAp?$AAi?$AA?9?$AAm?$AAs?$AA?9?$AAw?$AAi?$AAn?$AA?9?$AAr?$AAt?$AAc?$AAo?$AAr?$AAe?$AA?9?$AAn?$AAt?$AAu?$AAs?$AAe?$AAr?$AA?9?$AAw?$AAi?$AAn?$AAd?$AAo?$AAw?$AA?9@ 0000000180013370     libucrt:winapi_thunks.obj
 0002:000023c0       ??_C@_1FG@HHGEKANL@?$AAa?$AAp?$AAi?$AA?9?$AAm?$AAs?$AA?9?$AAw?$AAi?$AAn?$AA?9?$AAs?$AAe?$AAc?$AAu?$AAr?$AAi?$AAt?$AAy?$AA?9?$AAs?$AAy?$AAs?$AAt?$AAe?$AAm?$AAf?$AAu?$AAn?$AAc?$AAt?$AAi@ 00000001800133c0     libucrt:winapi_thunks.obj
 0002:00002420       ??_C@_1EG@DBIOJECG@?$AAe?$AAx?$AAt?$AA?9?$AAm?$AAs?$AA?9?$AAw?$AAi?$AAn?$AA?9?$AAn?$AAt?$AAu?$AAs?$AAe?$AAr?$AA?9?$AAd?$AAi?$AAa?$AAl?$AAo?$AAg?$AAb?$AAo?$AAx?$AA?9?$AAl?$AA1?$AA?9?$AA1@ 0000000180013420     libucrt:winapi_thunks.obj
 0002:00002470       ??_C@_1EO@FIHMJCLF@?$AAe?$AAx?$AAt?$AA?9?$AAm?$AAs?$AA?9?$AAw?$AAi?$AAn?$AA?9?$AAn?$AAt?$AAu?$AAs?$AAe?$AAr?$AA?9?$AAw?$AAi?$AAn?$AAd?$AAo?$AAw?$AAs?$AAt?$AAa?$AAt?$AAi?$AAo?$AAn?$AA?9@ 0000000180013470     libucrt:winapi_thunks.obj
 0002:000024c0       ??_C@_1BC@DNHGCMLG@?$AAa?$AAd?$AAv?$AAa?$AAp?$AAi?$AA3?$AA2?$AA?$AA@ 00000001800134c0     libucrt:winapi_thunks.obj
 0002:000024d8       ??_C@_1M@OAIMIKLP@?$AAn?$AAt?$AAd?$AAl?$AAl?$AA?$AA@ 00000001800134d8     libucrt:winapi_thunks.obj
 0002:000024f0       ??_C@_1EG@DPGNFKGC@?$AAa?$AAp?$AAi?$AA?9?$AAm?$AAs?$AA?9?$AAw?$AAi?$AAn?$AA?9?$AAa?$AAp?$AAp?$AAm?$AAo?$AAd?$AAe?$AAl?$AA?9?$AAr?$AAu?$AAn?$AAt?$AAi?$AAm?$AAe?$AA?9?$AAl?$AA1?$AA?9?$AA1@ 00000001800134f0     libucrt:winapi_thunks.obj
 0002:00002538       ??_C@_1O@BCCLBEOE@?$AAu?$AAs?$AAe?$AAr?$AA3?$AA2?$AA?$AA@ 0000000180013538     libucrt:winapi_thunks.obj
 0002:00002578       ??_C@_0O@KKBNKAPF@LCMapStringEx?$AA@ 0000000180013578     libucrt:winapi_thunks.obj
 0002:00002590       ??_C@_0BB@HBDEELFH@LocaleNameToLCID?$AA@ 0000000180013590     libucrt:winapi_thunks.obj
 0002:000025a8       ??_C@_0CF@OJOFEIGO@AppPolicyGetProcessTerminationMe@ 00000001800135a8     libucrt:winapi_thunks.obj
 0002:000025d0       ??_C@_15PJPFLCCM@?$AAu?$AAk?$AA?$AA@ 00000001800135d0     libucrt:get_qualified_locale.obj
 0002:00003420       ??_C@_15EMKDOKLE@?$AAa?$AAr?$AA?$AA@ 0000000180014420     libucrt:lcidtoname_downlevel.obj
 0002:00003428       ??_C@_15KNPADPLH@?$AAb?$AAg?$AA?$AA@ 0000000180014428     libucrt:lcidtoname_downlevel.obj
 0002:00003430       ??_C@_15EDMHLDMO@?$AAc?$AAa?$AA?$AA@ 0000000180014430     libucrt:lcidtoname_downlevel.obj
 0002:00003438       ??_C@_1O@BPEAJADD@?$AAz?$AAh?$AA?9?$AAC?$AAH?$AAS?$AA?$AA@ 0000000180014438     libucrt:lcidtoname_downlevel.obj
 0002:00003448       ??_C@_15LJNHCMNK@?$AAc?$AAs?$AA?$AA@ 0000000180014448     libucrt:lcidtoname_downlevel.obj
 0002:00003450       ??_C@_15FOMCIDHG@?$AAd?$AAa?$AA?$AA@ 0000000180014450     libucrt:lcidtoname_downlevel.obj
 0002:00003458       ??_C@_15NBKABECB@?$AAd?$AAe?$AA?$AA@ 0000000180014458     libucrt:lcidtoname_downlevel.obj
 0002:00003460       ??_C@_15GHPEIIAO@?$AAe?$AAl?$AA?$AA@ 0000000180014460     libucrt:lcidtoname_downlevel.obj
 0002:00003468       ??_C@_15MNPNEAIF@?$AAe?$AAn?$AA?$AA@ 0000000180014468     libucrt:lcidtoname_downlevel.obj
 0002:00003470       ??_C@_15GPIOMPMH@?$AAe?$AAs?$AA?$AA@ 0000000180014470     libucrt:lcidtoname_downlevel.obj
 0002:00003478       ??_C@_15NGLOAKJC@?$AAf?$AAi?$AA?$AA@ 0000000180014478     libucrt:lcidtoname_downlevel.obj
[...]
 0004:00000bac       $pdata$__acrt_execute_uninitializers 000000018001dbac     libucrt:shared_initialization.obj
 0004:00000bb8       $pdata$??$?RV<lambda_450d765d439847d4c735a33c368b5fc0>@@AEAV<lambda_44731a7d0e6d81c3e6aa82d741081786>@@V<lambda_601a2a7da3b7a96e9554ac7215c4b07c>@@@?$__crt_seh_guarded_call@P6AXH@Z@@QEAAP6AXH@Z$$QEAV<lambda_450d765d439847d4c735a33c368b5fc0>@@AEAV<lambda_44731a7d0e6d81c3e6aa82d741081786>@@$$QEAV<lambda_601a2a7da3b7a96e9554ac7215c4b07c>@@@Z 000000018001dbb8     libucrt:signal.obj
 0004:00000bc4       $pdata$__acrt_get_sigabrt_handler 000000018001dbc4     libucrt:signal.obj
 0004:00000bd0       $pdata$raise               000000018001dbd0     libucrt:signal.obj
 0004:00000bdc       $pdata$??$?RV<lambda_842d9ff0dc9ef11c61343bbaebe7f885>@@AEAV<lambda_c5860995281e5c4ce005b3de8f5874ee>@@V<lambda_d90129c13df834fdcbf8d2b88dafcf2d>@@@?$__crt_seh_guarded_call@X@@QEAAX$$QEAV<lambda_842d9ff0dc9ef11c61343bbaebe7f885>@@AEAV<lambda_c5860995281e5c4ce005b3de8f5874ee>@@$$QEAV<lambda_d90129c13df834fdcbf8d2b88dafcf2d>@@@Z 000000018001dbdc     libucrt:fflush.obj
 0004:00000be8       $pdata$??$?RV<lambda_886d6c58226a84441f68b9f2b8217b83>@@AEAV<lambda_ab61a845afdef5b7c387490eaf3616ee>@@V<lambda_f7f22ab5edc0698d5f6905b0d3f44752>@@@?$__crt_seh_guarded_call@X@@QEAAX$$QEAV<lambda_886d6c58226a84441f68b9f2b8217b83>@@AEAV<lambda_ab61a845afdef5b7c387490eaf3616ee>@@$$QEAV<lambda_f7f22ab5edc0698d5f6905b0d3f44752>@@@Z 000000018001dbe8     libucrt:fflush.obj
 0004:00000bf4       $pdata$?common_flush_all@@YAH_N@Z 000000018001dbf4     libucrt:fflush.obj
 0004:00000c00       $pdata$__acrt_stdio_flush_nolock 000000018001dc00     libucrt:fflush.obj
 0004:00000c0c       $pdata$_fflush_nolock      000000018001dc0c     libucrt:fflush.obj
 0004:00000c18       $pdata$__acrt_initialize_stdio 000000018001dc18     libucrt:_file.obj
 0004:00000c24       $pdata$__acrt_uninitialize_stdio 000000018001dc24     libucrt:_file.obj
 0004:00000c30       $pdata$_mbtowc_l           000000018001dc30     libucrt:mbtowc.obj
 0004:00000c3c       $pdata$_fileno             000000018001dc3c     libucrt:fileno.obj
 0004:00000c48       $pdata$__acrt_free_locale  000000018001dc48     libucrt:locale_refcounting.obj
 0004:00000c54       $pdata$__acrt_locale_free_lc_time_if_unreferenced 000000018001dc54     libucrt:locale_refcounting.obj
 0004:00000c60       $pdata$__acrt_release_locale_ref 000000018001dc60     libucrt:locale_refcounting.obj
 0004:00000c6c       $pdata$__acrt_update_thread_locale_data 000000018001dc6c     libucrt:locale_refcounting.obj
 0004:00000c78       $pdata$_updatetlocinfoEx_nolock 000000018001dc78     libucrt:locale_refcounting.obj
 0004:00000c84       $pdata$_isleadbyte_l       000000018001dc84     libucrt:_wctype.obj
 0004:00000c90       $pdata$__acrt_GetStringTypeA 000000018001dc90     libucrt:getstringtypea.obj
 0004:00000c9c       $pdata$__acrt_locale_free_monetary 000000018001dc9c     libucrt:initmon.obj
 0004:00000ca8       $pdata$__acrt_locale_free_numeric 000000018001dca8     libucrt:initnum.obj
 0004:00000cb4       $pdata$?free_crt_array_internal@@YAXQEAPEBX_K@Z 000000018001dcb4     libucrt:inittime.obj
 0004:00000cc0       $pdata$__acrt_locale_free_time 000000018001dcc0     libucrt:inittime.obj
 0004:00000ccc       $pdata$?__acrt_LCMapStringA_stat@@YAHPEAU__crt_locale_pointers@@PEB_WKPEBDHPEADHHH@Z 000000018001dccc     libucrt:lcmapstringa.obj
 0004:00000cd8       $pdata$__acrt_LCMapStringA 000000018001dcd8     libucrt:lcmapstringa.obj
 0004:00000ce4       $pdata$qsort               000000018001dce4     libucrt:qsort.obj
 0004:00000cf0       $pdata$4$qsort             000000018001dcf0     libucrt:qsort.obj
 0004:00000cfc       $pdata$5$qsort             000000018001dcfc     libucrt:qsort.obj
 0004:00000d08       $pdata$strncpy_s           000000018001dd08     libucrt:strncpy_s.obj
 0004:00000d14       $pdata$fallbackMethod      000000018001dd14     libucrt:strpbrk.obj
 0004:00000d20       $pdata$strpbrk             000000018001dd20     libucrt:strpbrk.obj
 0004:00000d2c       $pdata$??$__acrt_convert_wcs_mbs@D_W$$A6A_KPEA_WPEBD_KPEAU__crt_locale_pointers@@@ZU__crt_win32_buffer_internal_dynamic_resizing@@@@YAHQEBDAEAV?$__crt_win32_buffer@_WU__crt_win32_buffer_internal_dynamic_resizing@@@@A6A_KPEA_WPEBD_KPEAU__crt_locale_pointers@@@Z5@Z 000000018001dd2c     libucrt:findfirstfileexa.obj
 0004:00000d38       $pdata$__acrt_FindFirstFileExA 000000018001dd38     libucrt:findfirstfileexa.obj
 0004:00000d44       $pdata$??$__acrt_convert_wcs_mbs@_WD$$A6A_KPEADPEB_W_KPEAU__crt_locale_pointers@@@ZU__crt_win32_buffer_no_resizing@@@@YAHQEB_WAEAV?$__crt_win32_buffer@DU__crt_win32_buffer_no_resizing@@@@A6A_KPEADPEB_W_KPEAU__crt_locale_pointers@@@Z5@Z 000000018001dd44     libucrt:findnextfilea.obj
 0004:00000d50       $pdata$__acrt_FindNextFileA 000000018001dd50     libucrt:findnextfilea.obj
 0004:00000d5c       $pdata$_mbsdec_l           000000018001dd5c     libucrt:mbsdec.obj
 0004:00000d68       $pdata$?_mbstowcs_l_helper@@YA_KPEA_WPEBD_KPEAU__crt_locale_pointers@@@Z 000000018001dd68     libucrt:mbstowcs.obj
 0004:00000d74       $pdata$?initialize_multibyte@@YAHXZ 000000018001dd74     libucrt:multibyte_initializer.obj
 0004:00000d80       $pdata$_msize_base         000000018001dd80     libucrt:msize.obj
 0004:00000d8c       $pdata$_realloc_base       000000018001dd8c     libucrt:realloc_base.obj
 0004:00000d98       $pdata$?GetTableIndexFromLocaleName@@YAHPEB_W@Z 000000018001dd98     libucrt:lcidtoname_downlevel.obj
 0004:00000da4       $pdata$__acrt_DownlevelLocaleNameToLCID 000000018001dda4     libucrt:lcidtoname_downlevel.obj
 0004:00000db0       $pdata$__acrt_lowio_create_handle_array 000000018001ddb0     libucrt:osfinfo.obj
 0004:00000dbc       $pdata$__acrt_lowio_destroy_handle_array 000000018001ddbc     libucrt:osfinfo.obj
 0004:00000dc8       $pdata$__acrt_lowio_ensure_fh_exists 000000018001ddc8     libucrt:osfinfo.obj
 0004:00000dd4       $pdata$_free_osfhnd        000000018001ddd4     libucrt:osfinfo.obj
 0004:00000de0       $pdata$_get_osfhandle      000000018001dde0     libucrt:osfinfo.obj
 0004:00000dec       $pdata$??$?RV<lambda_a37b2b86f63e897a80ea819b0eb08c01>@@AEAV<lambda_38ce7e780aa69e748d6df282ebc68efe>@@V<lambda_99fb1378e971ab6e7edea83e3a7a83a2>@@@?$__crt_seh_guarded_call@H@@QEAAH$$QEAV<lambda_a37b2b86f63e897a80ea819b0eb08c01>@@AEAV<lambda_38ce7e780aa69e748d6df282ebc68efe>@@$$QEAV<lambda_99fb1378e971ab6e7edea83e3a7a83a2>@@@Z 000000018001ddec     libucrt:commit.obj
 0004:00000df8       $pdata$_commit             000000018001ddf8     libucrt:commit.obj
 0004:00000e04       $pdata$?write_double_translated_ansi_nolock@@YA?AUwrite_result@?A0x17268360@@HQEBDI@Z 000000018001de04     libucrt:write.obj
 0004:00000e10       $pdata$?write_text_ansi_nolock@@YA?AUwrite_result@?A0x17268360@@HQEBDI@Z 000000018001de10     libucrt:write.obj
 0004:00000e1c       $pdata$?write_text_utf16le_nolock@@YA?AUwrite_result@?A0x17268360@@HQEBDI@Z 000000018001de1c     libucrt:write.obj
 0004:00000e28       $pdata$?write_text_utf8_nolock@@YA?AUwrite_result@?A0x17268360@@HQEBDI@Z 000000018001de28     libucrt:write.obj
 0004:00000e34       $pdata$_write              000000018001de34     libucrt:write.obj
 0004:00000e40       $pdata$_write_nolock       000000018001de40     libucrt:write.obj
 0004:00000e4c       $pdata$_fcloseall          000000018001de4c     libucrt:closeall.obj
 0004:00000e58       $pdata$__acrt_stdio_free_buffer_nolock 000000018001de58     libucrt:_freebuf.obj
 0004:00000e64       $pdata$_isatty             000000018001de64     libucrt:isatty.obj
 0004:00000e70       $pdata$?__mbrtowc_utf8@__crt_mbstring@@YA_KPEA_WPEBD_KPEAU_Mbstatet@@@Z 000000018001de70     libucrt:mbrtowc.obj
 0004:00000e7c       $pdata$?__mbsrtowcs_utf8@__crt_mbstring@@YA_KPEA_WPEAPEBD_KPEAU_Mbstatet@@@Z 000000018001de7c     libucrt:mbrtowc.obj
 0004:00000e88       $pdata$?_wcstombs_l_helper@@YA_KPEADPEB_W_KPEAU__crt_locale_pointers@@@Z 000000018001de88     libucrt:wcstombs.obj
 0004:00000e94       $pdata$??$common_lseek_nolock@_J@@YA_JH_JH@Z 000000018001de94     libucrt:lseek.obj
 0004:00000ea0       $pdata$_putwch_nolock      000000018001dea0     libucrt:putwch.obj
 0004:00000eac       $pdata$_fclose_nolock      000000018001deac     libucrt:fclose.obj
 0004:00000eb8       $pdata$fclose              000000018001deb8     libucrt:fclose.obj
 0004:00000ec4       $pdata$?__mbrtoc32_utf8@__crt_mbstring@@YA_KPEA_UPEBD_KPEAU_Mbstatet@@@Z 000000018001dec4     libucrt:mbrtoc32.obj
 0004:00000edc       $pdata$?__wcsrtombs_utf8@__crt_mbstring@@YA_KPEADPEAPEB_W_KPEAU_Mbstatet@@@Z 000000018001dedc     libucrt:wcrtomb.obj
 0004:00000ee8       $pdata$__dcrt_lowio_ensure_console_output_initialized 000000018001dee8     libucrt:initcon.obj
 0004:00000ef4       $pdata$__dcrt_terminate_console_output 000000018001def4     libucrt:initcon.obj
 0004:00000f00       $pdata$__dcrt_write_console 000000018001df00     libucrt:initcon.obj
 0004:00000f0c       $pdata$??$?RV<lambda_751a882b2c74d4b022dec766aa51a29a>@@AEAV<lambda_628dfdc04ba53c8bfc02c9951375f3f5>@@V<lambda_f6c7be5f7998530c34de24c7437d6b54>@@@?$__crt_seh_guarded_call@H@@QEAAH$$QEAV<lambda_751a882b2c74d4b022dec766aa51a29a>@@AEAV<lambda_628dfdc04ba53c8bfc02c9951375f3f5>@@$$QEAV<lambda_f6c7be5f7998530c34de24c7437d6b54>@@@Z 000000018001df0c     libucrt:close.obj
 0004:00000f18       $pdata$_close              000000018001df18     libucrt:close.obj
 0004:00000f24       $pdata$_close_nolock       000000018001df24     libucrt:close.obj
 0004:00000f30       $pdata$_call_matherr       000000018001df30     libucrt:libm_error.obj
 0004:00000f3c       $pdata$_exception_enabled  000000018001df3c     libucrt:libm_error.obj
 0004:00000f48       $pdata$_handle_error       000000018001df48     libucrt:libm_error.obj
 0004:00000f54       $pdata$__acrt_initialize_fma3 000000018001df54     libucrt:fma3_available.obj
 0004:00000f60       $pdata$_log10_special      000000018001df60     libucrt:log_special.obj
 0004:00000f6c       $pdata$_log_special_common 000000018001df6c     libucrt:log_special.obj
 0004:00000f78       $pdata$?__c16rtomb_utf8@__crt_mbstring@@YA_KPEAD_SPEAU_Mbstatet@@@Z 000000018001df78     libucrt:c16rtomb.obj
 0004:00000f90       $pdata$_raise_exc          000000018001df90     libucrt:fpexcept.obj
 0004:00000f9c       $pdata$_raise_exc_ex       000000018001df9c     libucrt:fpexcept.obj
 0004:00000fa8       $pdata$_set_errno_from_matherr 000000018001dfa8     libucrt:fpexcept.obj
 0004:00000fb4       $pdata$_clrfp              000000018001dfb4     libucrt:fpctrl.obj
 0004:00000fc0       $pdata$_ctrlfp             000000018001dfc0     libucrt:fpctrl.obj
 0004:00000fcc       $pdata$_set_statfp         000000018001dfcc     libucrt:fpctrl.obj
 0004:00000fd8       $pdata$_statfp             000000018001dfd8     libucrt:fpctrl.obj
 0004:00000fe4       $pdata$?__c32rtomb_utf8@__crt_mbstring@@YA_KPEAD_UPEAU_Mbstatet@@@Z 000000018001dfe4     libucrt:c32rtomb.obj
 0004:00000ff0       $pdata$?DloadAcquireSectionWriteAccess@@YAXXZ 000000018001dff0     DelayImp:delayhlp.obj
 0004:00000ffc       $pdata$?DloadGetSRWLockFunctionPointers@@YAEXZ 000000018001dffc     DelayImp:delayhlp.obj
 0004:00001008       $pdata$?DloadMakePermanentImageCommit@@YAXPEAX_K@Z 000000018001e008     DelayImp:delayhlp.obj
 0004:00001014       $pdata$?DloadObtainSection@@YAPEAXPEAK0@Z 000000018001e014     DelayImp:delayhlp.obj
 0004:00001020       $pdata$?DloadProtectSection@@YAXKPEAK@Z 000000018001e020     DelayImp:delayhlp.obj
 0004:0000102c       $pdata$?DloadReleaseSectionWriteAccess@@YAXXZ 000000018001e02c     DelayImp:delayhlp.obj
 0004:00001038       $pdata$__delayLoadHelper2  000000018001e038     DelayImp:delayhlp.obj
 0004:00001044       $pdata$_IsNonwritableInCurrentImage 000000018001e044     LIBCMT:pesect.obj
 0004:00001050       $pdata$__GSHandlerCheck    000000018001e050     LIBCMT:_gshandler_.obj
 0004:0000105c       $pdata$__GSHandlerCheckCommon 000000018001e05c     LIBCMT:_gshandler_.obj
 0004:00001074       $pdata$__GSHandlerCheck_EH 000000018001e074     LIBCMT:gshandlereh.obj
 0004:00001098       $pdata$?fin$0@?0??dllmain_crt_process_attach@@YAHQEAUHINSTANCE__@@QEAX@Z@4HA 000000018001e098     LIBCMT:dll_dllmain.obj
 0004:000010a4       $pdata$?fin$0@?0??dllmain_crt_process_detach@@YAH_N@Z@4HA 000000018001e0a4     LIBCMT:dll_dllmain.obj
 0004:000010b0       $pdata$?filt$0@?0??dllmain_dispatch@@YAHQEAUHINSTANCE__@@KQEAX@Z@4HA 000000018001e0b0     LIBCMT:dll_dllmain.obj
 0004:000010bc       $pdata$__scrt_is_nonwritable_in_current_image$filt$0 000000018001e0bc     LIBCMT:utility.obj
 0004:000010c8       $pdata$_CallSETranslator$filt$0 000000018001e0c8     libvcruntime:risctrnsctrl.obj
 0004:000010d4       $pdata$__CxxCallCatchBlock$filt$0 000000018001e0d4     libvcruntime:frame.obj
 0004:000010e0       $pdata$__CxxCallCatchBlock$fin$1 000000018001e0e0     libvcruntime:frame.obj
 0004:000010ec       $pdata$__FrameUnwindToState$filt$0 000000018001e0ec     libvcruntime:frame.obj
 0004:000010f8       $pdata$__FrameUnwindToState$fin$1 000000018001e0f8     libvcruntime:frame.obj
 0004:00001104       $pdata$__DestructExceptionObject$filt$0 000000018001e104     libvcruntime:ehhelpers.obj
 0004:00001110       $pdata$_query_new_handler$fin$0 000000018001e110     libucrt:new_handler.obj
 0004:0000111c       $pdata$?fin$0@?0???$?RV<lambda_7777bce6b2f8c936911f934f8298dc43>@@AEAV<lambda_f03950bc5685219e0bcd2087efbe011e>@@V<lambda_3883c3dff614d5e0c5f61bb1ac94921c>@@@?$__crt_seh_guarded_call@H@@QEAAH$$QEAV<lambda_7777bce6b2f8c936911f934f8298dc43>@@AEAV<lambda_f03950bc5685219e0bcd2087efbe011e>@@$$QEAV<lambda_3883c3dff614d5e0c5f61bb1ac94921c>@@@Z@4HA 000000018001e11c     libucrt:onexit.obj
 0004:0000111c       $pdata$?fin$0@?0???$?RV<lambda_450d765d439847d4c735a33c368b5fc0>@@AEAV<lambda_44731a7d0e6d81c3e6aa82d741081786>@@V<lambda_601a2a7da3b7a96e9554ac7215c4b07c>@@@?$__crt_seh_guarded_call@P6AXH@Z@@QEAAP6AXH@Z$$QEAV<lambda_450d765d439847d4c735a33c368b5fc0>@@AEAV<lambda_44731a7d0e6d81c3e6aa82d741081786>@@$$QEAV<lambda_601a2a7da3b7a96e9554ac7215c4b07c>@@@Z@4HA 000000018001e11c     libucrt:signal.obj
 0004:0000111c       $pdata$?fin$0@?0???$?RV<lambda_aa87e3671a710a21b5dc78c0bdf72e11>@@AEAV<lambda_92619d2358a28f41a33ba319515a20b9>@@V<lambda_6992ecaafeb10aed2b74cb1fae11a551>@@@?$__crt_seh_guarded_call@X@@QEAAX$$QEAV<lambda_aa87e3671a710a21b5dc78c0bdf72e11>@@AEAV<lambda_92619d2358a28f41a33ba319515a20b9>@@$$QEAV<lambda_6992ecaafeb10aed2b74cb1fae11a551>@@@Z@4HA 000000018001e11c     libucrt:per_thread_data.obj
 0004:0000111c       $pdata$?fin$0@?0???$?RV<lambda_0ae27a3a962d80f24befdcbee591983d>@@AEAV<lambda_8d0ee55de4b1038c4002e0adecdf1839>@@V<lambda_dc504788e8f1664fe9b84e20bfb512f2>@@@?$__crt_seh_guarded_call@X@@QEAAX$$QEAV<lambda_0ae27a3a962d80f24befdcbee591983d>@@AEAV<lambda_8d0ee55de4b1038c4002e0adecdf1839>@@$$QEAV<lambda_dc504788e8f1664fe9b84e20bfb512f2>@@@Z@4HA 000000018001e11c     libucrt:per_thread_data.obj
 0004:0000111c       $pdata$?fin$0@?0???$?RV<lambda_efdfa57d1f175319df784efa44bb7b81>@@AEAV<lambda_5f0a4c1567f8adc6734073e5d1e1b35c>@@V<lambda_2e8a7d3640ea6ccb4c2413664c2db6fd>@@@?$__crt_seh_guarded_call@X@@QEAAX$$QEAV<lambda_efdfa57d1f175319df784efa44bb7b81>@@AEAV<lambda_5f0a4c1567f8adc6734073e5d1e1b35c>@@$$QEAV<lambda_2e8a7d3640ea6ccb4c2413664c2db6fd>@@@Z@4HA 000000018001e11c     libucrt:mbctype.obj
 0004:0000111c       $pdata$?fin$0@?0???$?RV<lambda_d80eeec6fff315bfe5c115232f3240e3>@@AEAV<lambda_6e4b09c48022b2350581041d5f6b0c4c>@@V<lambda_2358e3775559c9db80273638284d5e45>@@@?$__crt_seh_guarded_call@X@@QEAAX$$QEAV<lambda_d80eeec6fff315bfe5c115232f3240e3>@@AEAV<lambda_6e4b09c48022b2350581041d5f6b0c4c>@@$$QEAV<lambda_2358e3775559c9db80273638284d5e45>@@@Z@4HA 000000018001e11c     libucrt:exit.obj
 0004:0000111c       $pdata$?fin$0@?0???$?RV<lambda_2d41944a1d46af3157314b8a01080d33>@@AEAV<lambda_8f455de75cd7d7f24b4096f044d8b9e6>@@V<lambda_aa500f224e6afead328df44964fe2772>@@@?$__crt_seh_guarded_call@X@@QEAAX$$QEAV<lambda_2d41944a1d46af3157314b8a01080d33>@@AEAV<lambda_8f455de75cd7d7f24b4096f044d8b9e6>@@$$QEAV<lambda_aa500f224e6afead328df44964fe2772>@@@Z@4HA 000000018001e11c     libucrt:per_thread_data.obj
 0004:0000111c       $pdata$?fin$0@?0???$?RV<lambda_f2e299630e499de9f9a165e60fcd3db5>@@AEAV<lambda_2ae9d31cdba2644fcbeaf08da7c24588>@@V<lambda_40d01ff24d0e7b3814fdbdcee8eab3c7>@@@?$__crt_seh_guarded_call@X@@QEAAX$$QEAV<lambda_f2e299630e499de9f9a165e60fcd3db5>@@AEAV<lambda_2ae9d31cdba2644fcbeaf08da7c24588>@@$$QEAV<lambda_40d01ff24d0e7b3814fdbdcee8eab3c7>@@@Z@4HA 000000018001e11c     libucrt:per_thread_data.obj
 0004:00001128       $pdata$?filt$0@?0???R<lambda_6e4b09c48022b2350581041d5f6b0c4c>@@QEBA@XZ@4HA 000000018001e128     libucrt:exit.obj
 0004:00001134       $pdata$?fin$0@?0???$?RV<lambda_410d79af7f07d98d83a3f525b3859a53>@@AEAV<lambda_3e16ef9562a7dcce91392c22ab16ea36>@@V<lambda_38119f0e861e05405d8a144b9b982f0a>@@@?$__crt_seh_guarded_call@X@@QEAAX$$QEAV<lambda_410d79af7f07d98d83a3f525b3859a53>@@AEAV<lambda_3e16ef9562a7dcce91392c22ab16ea36>@@$$QEAV<lambda_38119f0e861e05405d8a144b9b982f0a>@@@Z@4HA 000000018001e134     libucrt:wsetlocale.obj
 0004:00001140       $pdata$?fin$0@?0??update_thread_multibyte_data_internal@@YAPEAU__crt_multibyte_data@@QEAU__acrt_ptd@@QEAPEAU1@@Z@4HA 000000018001e140     libucrt:mbctype.obj
 0004:0000114c       $pdata$__acrt_initialize_lowio$fin$0 000000018001e14c     libucrt:ioinit.obj
 0004:0000114c       $pdata$__acrt_lowio_ensure_fh_exists$fin$0 000000018001e14c     libucrt:osfinfo.obj
 0004:00001158       $pdata$raise$fin$0         000000018001e158     libucrt:signal.obj
 0004:00001164       $pdata$?fin$0@?0???$?RV<lambda_842d9ff0dc9ef11c61343bbaebe7f885>@@AEAV<lambda_c5860995281e5c4ce005b3de8f5874ee>@@V<lambda_d90129c13df834fdcbf8d2b88dafcf2d>@@@?$__crt_seh_guarded_call@X@@QEAAX$$QEAV<lambda_842d9ff0dc9ef11c61343bbaebe7f885>@@AEAV<lambda_c5860995281e5c4ce005b3de8f5874ee>@@$$QEAV<lambda_d90129c13df834fdcbf8d2b88dafcf2d>@@@Z@4HA 000000018001e164     libucrt:fflush.obj
 0004:00001170       $pdata$?fin$0@?0???$?RV<lambda_886d6c58226a84441f68b9f2b8217b83>@@AEAV<lambda_ab61a845afdef5b7c387490eaf3616ee>@@V<lambda_f7f22ab5edc0698d5f6905b0d3f44752>@@@?$__crt_seh_guarded_call@X@@QEAAX$$QEAV<lambda_886d6c58226a84441f68b9f2b8217b83>@@AEAV<lambda_ab61a845afdef5b7c387490eaf3616ee>@@$$QEAV<lambda_f7f22ab5edc0698d5f6905b0d3f44752>@@@Z@4HA 000000018001e170     libucrt:fflush.obj
 0004:0000117c       $pdata$__acrt_update_thread_locale_data$fin$0 000000018001e17c     libucrt:locale_refcounting.obj
 0004:00001188       $pdata$?fin$0@?0???$?RV<lambda_751a882b2c74d4b022dec766aa51a29a>@@AEAV<lambda_628dfdc04ba53c8bfc02c9951375f3f5>@@V<lambda_f6c7be5f7998530c34de24c7437d6b54>@@@?$__crt_seh_guarded_call@H@@QEAAH$$QEAV<lambda_751a882b2c74d4b022dec766aa51a29a>@@AEAV<lambda_628dfdc04ba53c8bfc02c9951375f3f5>@@$$QEAV<lambda_f6c7be5f7998530c34de24c7437d6b54>@@@Z@4HA 000000018001e188     libucrt:close.obj
 0004:00001188       $pdata$?fin$0@?0???$?RV<lambda_a37b2b86f63e897a80ea819b0eb08c01>@@AEAV<lambda_38ce7e780aa69e748d6df282ebc68efe>@@V<lambda_99fb1378e971ab6e7edea83e3a7a83a2>@@@?$__crt_seh_guarded_call@H@@QEAAH$$QEAV<lambda_a37b2b86f63e897a80ea819b0eb08c01>@@AEAV<lambda_38ce7e780aa69e748d6df282ebc68efe>@@$$QEAV<lambda_99fb1378e971ab6e7edea83e3a7a83a2>@@@Z@4HA 000000018001e188     libucrt:commit.obj
 0004:00001194       $pdata$_write$fin$0        000000018001e194     libucrt:write.obj
 0004:000011a0       $pdata$_fcloseall$fin$0    000000018001e1a0     libucrt:closeall.obj
 0004:000011ac       $pdata$fclose$fin$0        000000018001e1ac     libucrt:fclose.obj
 0004:000011b8       $pdata$_ctrlfp$filt$0      000000018001e1b8     libucrt:fpctrl.obj
 0004:000011c4       $pdata$_IsNonwritableInCurrentImage$filt$0 000000018001e1c4     LIBCMT:pesect.obj
 0005:00000060       $R000000                   000000018001f060     * linker generated manifest res *

 Exports

  ordinal    name

        1    _register_cppaddon_
